Microchip MPLAB XC8 Compiler V2.10 ()

Linker command line:

-W-3 --edf=C:\Program Files (x86)\Microchip\xc8\v2.10\pic\dat\en_msgs.txt \
  -cs -h+dist/default/production\Laboratorio_3.X.production.sym \
  --cmf=dist/default/production\Laboratorio_3.X.production.cmf -z -Q16F887 \
  -oC:\Users\jorge\AppData\Local\Temp\s6k4.3 --defsym=__MPLAB_BUILD=1 \
  -Mdist/default/production/Laboratorio_3.X.production.map -E1 -ver=XC8 \
  --acfsm=1493 -ASTACK=0110h-016Fh -pstack=STACK -ACODE=00h-07FFhx4 \
  -ASTRCODE=00h-01FFFh -ASTRING=00h-0FFhx32 -ACONST=00h-0FFhx32 \
  -AENTRY=00h-0FFhx32 -ACOMMON=070h-07Fh -ABANK0=020h-06Fh \
  -ABANK1=0A0h-0EFh -ABANK2=0110h-016Fh -ABANK3=0190h-01EFh \
  -ARAM=020h-06Fh,0A0h-0EFh,0110h-016Fh,0190h-01EFh \
  -AABS1=020h-07Fh,0A0h-0EFh,0110h-016Fh,0190h-01EFh -ASFR0=00h-01Fh \
  -ASFR1=080h-09Fh -ASFR2=0100h-010Fh -ASFR3=0180h-018Fh \
  -preset_vec=00h,intentry=04h,init,end_init -ppowerup=CODE -pcinit=CODE \
  -pfunctab=ENTRY -ACONFIG=02007h-02008h -pconfig=CONFIG -DCONFIG=2 \
  -AIDLOC=02000h-02003h -pidloc=IDLOC -DIDLOC=2 -AEEDATA=00h-0FFh/02100h \
  -peeprom_data=EEDATA -DEEDATA=2 -DCODE=2 -DSTRCODE=2 -DSTRING=2 -DCONST=2 \
  -DENTRY=2 -k C:\Users\jorge\AppData\Local\Temp\s6k4.o \
  dist/default/production\Laboratorio_3.X.production.o 

Object code version is 3.11

Machine type is 16F887



                Name                               Link     Load   Length Selector   Space Scale
C:\Users\jorge\AppData\Local\Temp\s6k4.o
                end_init                              C        C        3        8       0
                reset_vec                             0        0        3        0       0
                config                             2007     2007        2     400E       0
dist/default/production\Laboratorio_3.X.production.o
                cinit                                 F        F       11        8       0
                intentry                              4        4        8        8       0
                text32                             1B4B     1B4B       18     3696       0
                text31                             1EBE     1EBE       9E     3D7C       0
                text30                             1B23     1B23       14     3646       0
                text29                             1CB8     1CB8       4F     3970       0
                text28                              7F8      7F8        7        8       0
                text27                             1B63     1B63       1B     36C6       0
                text26                             1B37     1B37       14     366E       0
                text25                             1C2C     1C2C       46     3858       0
                text24                             1D07     1D07       50     3A0E       0
                text23                             1F5C     1F5C       A4     3EB8       0
                text22                             1B06     1B06        B     360C       0
                text21                             1578     1578      288     2AF0       0
                text20                             1D57     1D57       50     3AAE       0
                text19                             10B8     10B8       7C     2170       0
                text18                             1E56     1E56       68     3CAC       0
                text17                             1DA7     1DA7       56     3B4E       0
                text16                             1B7E     1B7E       25     36FC       0
                text15                             1134     1134       BC     2268       0
                text14                             12AD     12AD       BE     255A       0
                text13                             11F0     11F0       BD     23E0       0
                text12                             1BA3     1BA3       27     3746       0
                text11                              93C      93C      361     1278       0
                text10                             1C72     1C72       46     38E4       0
                text9                              1BF2     1BF2       3A     37E4       0
                text8                              136B     136B      20D     26D6       0
                text7                              1B11     1B11       12     3622       0
                text6                               808      808       69     1010       0
                text5                              1DFD     1DFD       59     3BFA       0
                text4                               C9D      C9D      363     193A       0
                text3                                20       20      7AA        8       0
                text2                               7CA      7CA       2E        8       0
                text1                              1BCA     1BCA       28     3794       0
                maintext                            871      871       CB     10E2       0
                cstackBANK0                          20       20       50       20       1
                cstackCOMMON                         70       70        B       70       1
                cstackBANK1                          A0       A0       36       A0       1
                bssBANK1                             D6       D6        A       A0       1
                bssCOMMON                            7B       7B        1       70       1
                strings                            1000     1000       B3     2000       0

TOTAL           Name                               Link     Load   Length     Space
        CLASS   STACK          

        CLASS   CODE           
                end_init                              C        C        3         0
                cinit                                 F        F       11         0
                intentry                              4        4        8         0
                reset_vec                             0        0        3         0
                text32                             1B4B     1B4B       18         0
                text31                             1EBE     1EBE       9E         0
                text30                             1B23     1B23       14         0
                text29                             1CB8     1CB8       4F         0
                text28                              7F8      7F8        7         0
                text27                             1B63     1B63       1B         0
                text26                             1B37     1B37       14         0
                text25                             1C2C     1C2C       46         0
                text24                             1D07     1D07       50         0
                text23                             1F5C     1F5C       A4         0
                text22                             1B06     1B06        B         0
                text21                             1578     1578      288         0
                text20                             1D57     1D57       50         0
                text19                             10B8     10B8       7C         0
                text18                             1E56     1E56       68         0
                text17                             1DA7     1DA7       56         0
                text16                             1B7E     1B7E       25         0
                text15                             1134     1134       BC         0
                text14                             12AD     12AD       BE         0
                text13                             11F0     11F0       BD         0
                text12                             1BA3     1BA3       27         0
                text11                              93C      93C      361         0
                text10                             1C72     1C72       46         0
                text9                              1BF2     1BF2       3A         0
                text8                              136B     136B      20D         0
                text7                              1B11     1B11       12         0
                text6                               808      808       69         0
                text5                              1DFD     1DFD       59         0
                text4                               C9D      C9D      363         0
                text3                                20       20      7AA         0
                text2                               7CA      7CA       2E         0
                text1                              1BCA     1BCA       28         0
                maintext                            871      871       CB         0

        CLASS   STRCODE        

        CLASS   STRING         
                strings                            1000     1000       B3         0

        CLASS   CONST          

        CLASS   ENTRY          

        CLASS   COMMON         
                cstackCOMMON                         70       70        B         1
                bssCOMMON                            7B       7B        1         1

        CLASS   BANK0          
                cstackBANK0                          20       20       50         1

        CLASS   BANK1          
                cstackBANK1                          A0       A0       36         1
                bssBANK1                             D6       D6        A         1

        CLASS   BANK2          

        CLASS   BANK3          

        CLASS   RAM            

        CLASS   ABS1           
                abs_s1                               7E       7E        2         1

        CLASS   SFR0           

        CLASS   SFR1           

        CLASS   SFR2           

        CLASS   SFR3           

        CLASS   CONFIG         
                config                             2007     2007        2         0

        CLASS   IDLOC          

        CLASS   EEDATA         



SEGMENTS        Name                           Load    Length   Top    Selector   Space  Class     Delta

                reset_vec                      000000  000003  000003         0       0  CODE        2
                intentry                       000004  0007FB  0007FF         8       0  CODE        2
                cstackBANK0                    000020  000050  000070        20       1  BANK0       1
                cstackCOMMON                   000070  00000C  00007C        70       1  COMMON      1
                cstackBANK1                    0000A0  000040  0000E0        A0       1  BANK1       1
                text6                          000808  000069  000871      1010       0  CODE        2
                maintext                       000871  0000CB  00093C      10E2       0  CODE        2
                text11                         00093C  000361  000C9D      1278       0  CODE        2
                text4                          000C9D  000363  001000      193A       0  CODE        2
                strings                        001000  0000B3  0010B3      2000       0  STRING      2
                text19                         0010B8  00007C  001134      2170       0  CODE        2
                text15                         001134  0000BC  0011F0      2268       0  CODE        2
                text13                         0011F0  0000BD  0012AD      23E0       0  CODE        2
                text14                         0012AD  0000BE  00136B      255A       0  CODE        2
                text8                          00136B  00020D  001578      26D6       0  CODE        2
                text21                         001578  000288  001800      2AF0       0  CODE        2
                text22                         001B06  00000B  001B11      360C       0  CODE        2
                text7                          001B11  000012  001B23      3622       0  CODE        2
                text30                         001B23  000014  001B37      3646       0  CODE        2
                text26                         001B37  000014  001B4B      366E       0  CODE        2
                text32                         001B4B  000018  001B63      3696       0  CODE        2
                text27                         001B63  00001B  001B7E      36C6       0  CODE        2
                text16                         001B7E  000025  001BA3      36FC       0  CODE        2
                text12                         001BA3  000027  001BCA      3746       0  CODE        2
                text1                          001BCA  000028  001BF2      3794       0  CODE        2
                text9                          001BF2  00003A  001C2C      37E4       0  CODE        2
                text25                         001C2C  000046  001C72      3858       0  CODE        2
                text10                         001C72  000046  001CB8      38E4       0  CODE        2
                text29                         001CB8  00004F  001D07      3970       0  CODE        2
                text24                         001D07  000050  001D57      3A0E       0  CODE        2
                text20                         001D57  000050  001DA7      3AAE       0  CODE        2
                text17                         001DA7  000056  001DFD      3B4E       0  CODE        2
                text5                          001DFD  000059  001E56      3BFA       0  CODE        2
                text18                         001E56  000068  001EBE      3CAC       0  CODE        2
                text31                         001EBE  00009E  001F5C      3D7C       0  CODE        2
                text23                         001F5C  0000A4  002000      3EB8       0  CODE        2
                config                         002007  000002  002009      400E       0  CONFIG      2


UNUSED ADDRESS RANGES

        Name                Unused          Largest block    Delta
        BANK1            00E0-00EF             10           1
        BANK2            0110-016F             60           1
        BANK3            0190-01EF             60           1
        CODE             0003-0003              1           2
                         07FF-0807              1
                         10B3-10B7              5
                         1800-1B05            306
        COMMON           007C-007D              2           1
        CONST            0003-0003              1           2
                         07FF-0807              1
                         10B3-10B7              5
                         1800-1B05            100
        EEDATA           2100-21FF            100           2
        ENTRY            0003-0003              1           2
                         07FF-0807              1
                         10B3-10B7              5
                         1800-1B05            100
        IDLOC            2000-2003              4           2
        RAM              00E0-00EF             10           1
                         0110-016F             60
                         0190-01EF             60
        SFR0             0000-001F             20           1
        SFR1             0080-009F             20           1
        SFR2             0100-010F             10           1
        SFR3             0180-018F             10           1
        STACK            0110-016F             60           1
        STRCODE          0003-0003              1           2
                         07FF-0807              9
                         10B3-10B7              5
                         1800-1B05            306
        STRING           0003-0003              1           2
                         07FF-0807              1
                         10B3-10B7              5
                         1800-1B05            100

                                  Symbol Table

?__Umul8_16                cstackCOMMON 0072
?___awdiv                  cstackBANK0  0020
?___awmod                  cstackCOMMON 0072
?___fladd                  cstackBANK0  0056
?___flmul                  cstackBANK0  0028
?___flneg                  cstackCOMMON 0072
?___flsub                  cstackBANK1  00A0
?___fltol                  cstackBANK0  0055
?___lldiv                  cstackCOMMON 0072
?___llmod                  cstackBANK0  0025
?___lwdiv                  cstackBANK0  0020
?___lwmod                  cstackCOMMON 0072
?___wmul                   cstackCOMMON 0072
?___xxtofl                 cstackCOMMON 0072
?__div_to_l_               cstackCOMMON 0072
?__tdiv_to_l_              cstackCOMMON 0072
?_fround                   cstackBANK0  0042
?_scale                    cstackBANK0  0042
?_sprintf                  cstackBANK0  006A
_ADCON0bits                (abs)        001F
_ADCON1                    (abs)        009F
_ADRESH                    (abs)        001E
_ANSEL                     (abs)        0188
_INTCONbits                (abs)        000B
_ISR                       text32       1B4B
_PIE1bits                  (abs)        008C
_PIR1bits                  (abs)        000C
_PORTA                     (abs)        0005
_PORTB                     (abs)        0006
_PORTBbits                 (abs)        0006
_PORTC                     (abs)        0007
_PORTD                     (abs)        0008
_TRISA                     (abs)        0085
_TRISB                     (abs)        0086
_TRISC                     (abs)        0087
_TRISD                     (abs)        0088
__CFG_BOR4V$BOR40V         (abs)        0000
__CFG_BOREN$OFF            (abs)        0000
__CFG_CP$OFF               (abs)        0000
__CFG_CPD$OFF              (abs)        0000
__CFG_FCMEN$OFF            (abs)        0000
__CFG_FOSC$INTRC_NOCLKOUT  (abs)        0000
__CFG_IESO$OFF             (abs)        0000
__CFG_LVP$OFF              (abs)        0000
__CFG_MCLRE$OFF            (abs)        0000
__CFG_PWRTE$OFF            (abs)        0000
__CFG_WDTE$OFF             (abs)        0000
__CFG_WRT$OFF              (abs)        0000
__Habs1                    abs1         0000
__Hbank0                   bank0        0000
__Hbank1                   bank1        0000
__Hbank2                   bank2        0000
__Hbank3                   bank3        0000
__HbssBANK1                bssBANK1     0000
__HbssCOMMON               bssCOMMON    0000
__Hcinit                   cinit        0020
__Hclrtext                 clrtext      0000
__Hcode                    code         0000
__Hcommon                  common       0000
__Hconfig                  config       2009
__HcstackBANK0             cstackBANK0  0000
__HcstackBANK1             cstackBANK1  0000
__HcstackCOMMON            cstackCOMMON 0000
__Heeprom_data             eeprom_data  0000
__Hend_init                end_init     000F
__Hfunctab                 functab      0000
__Hidloc                   idloc        0000
__Hinit                    init         000C
__Hintentry                intentry     000C
__Hmaintext                maintext     0000
__Hpowerup                 powerup      0000
__Hram                     ram          0000
__Hreset_vec               reset_vec    0003
__Hsfr0                    sfr0         0000
__Hsfr1                    sfr1         0000
__Hsfr2                    sfr2         0000
__Hsfr3                    sfr3         0000
__Hspace_0                 (abs)        2009
__Hspace_1                 (abs)        00E0
__Hspace_2                 (abs)        0000
__Hspace_3                 (abs)        0000
__Hstack                   stack        0000
__Hstrings                 strings      0000
__Htext                    text         0000
__Labs1                    abs1         0000
__Lbank0                   bank0        0000
__Lbank1                   bank1        0000
__Lbank2                   bank2        0000
__Lbank3                   bank3        0000
__LbssBANK1                bssBANK1     0000
__LbssCOMMON               bssCOMMON    0000
__Lcinit                   cinit        000F
__Lclrtext                 clrtext      0000
__Lcode                    code         0000
__Lcommon                  common       0000
__Lconfig                  config       2007
__LcstackBANK0             cstackBANK0  0000
__LcstackBANK1             cstackBANK1  0000
__LcstackCOMMON            cstackCOMMON 0000
__Leeprom_data             eeprom_data  0000
__Lend_init                end_init     000C
__Lfunctab                 functab      0000
__Lidloc                   idloc        0000
__Linit                    init         000C
__Lintentry                intentry     0004
__Lmaintext                maintext     0000
__Lpowerup                 powerup      0000
__Lram                     ram          0000
__Lreset_vec               reset_vec    0000
__Lsfr0                    sfr0         0000
__Lsfr1                    sfr1         0000
__Lsfr2                    sfr2         0000
__Lsfr3                    sfr3         0000
__Lspace_0                 (abs)        0000
__Lspace_1                 (abs)        0000
__Lspace_2                 (abs)        0000
__Lspace_3                 (abs)        0000
__Lstack                   stack        0000
__Lstrings                 strings      0000
__Ltext                    text         0000
__S0                       (abs)        2009
__S1                       (abs)        00E0
__S2                       (abs)        0000
__S3                       (abs)        0000
__Umul8_16                 text12       1BA3
__Umul8_16@multiplicand    cstackCOMMON 0072
__Umul8_16@multiplier      cstackCOMMON 007A
__Umul8_16@product         cstackCOMMON 0076
__Umul8_16@word_mpld       cstackCOMMON 0078
___awdiv                   text6        0808
___awdiv@counter           cstackBANK0  0024
___awdiv@dividend          cstackBANK0  0022
___awdiv@divisor           cstackBANK0  0020
___awdiv@quotient          cstackBANK0  0026
___awdiv@sign              cstackBANK0  0025
___awmod                   text5        1DFD
___awmod@counter           cstackCOMMON 0077
___awmod@dividend          cstackCOMMON 0074
___awmod@divisor           cstackCOMMON 0072
___awmod@sign              cstackCOMMON 0078
___fladd                   text21       1578
___fladd@a                 cstackBANK0  005A
___fladd@aexp              cstackBANK0  0067
___fladd@b                 cstackBANK0  0056
___fladd@bexp              cstackBANK0  0068
___fladd@grs               cstackBANK0  0069
___fladd@signs             cstackBANK0  0066
___fleq                    text24       1D07
___fleq@ff1                cstackCOMMON 0072
___fleq@ff2                cstackCOMMON 0076
___flge                    text23       1F5C
___flge@ff1                cstackCOMMON 0072
___flge@ff2                cstackCOMMON 0076
___flmul                   text11       093C
___flmul@a                 cstackBANK0  002C
___flmul@aexp              cstackBANK0  003A
___flmul@b                 cstackBANK0  0028
___flmul@bexp              cstackBANK0  003B
___flmul@grs               cstackBANK0  0036
___flmul@prod              cstackBANK0  003C
___flmul@sign              cstackBANK0  0035
___flmul@temp              cstackBANK0  0040
___flneg                   text22       1B06
___flneg@f1                cstackCOMMON 0072
___flsub                   text20       1D57
___flsub@a                 cstackBANK1  00A0
___flsub@b                 cstackBANK1  00A4
___fltol                   text19       10B8
___fltol@exp1              cstackBANK0  005F
___fltol@f1                cstackBANK0  0055
___fltol@sign1             cstackBANK0  005E
___int_sp                  stack        0000
___latbits                 (abs)        0002
___lldiv                   text18       1E56
___lldiv@counter           cstackBANK0  0024
___lldiv@dividend          cstackCOMMON 0076
___lldiv@divisor           cstackCOMMON 0072
___lldiv@quotient          cstackBANK0  0020
___llmod                   text17       1DA7
___llmod@counter           cstackBANK0  002E
___llmod@dividend          cstackBANK0  0029
___llmod@divisor           cstackBANK0  0025
___lwdiv                   text10       1C72
___lwdiv@counter           cstackBANK0  0024
___lwdiv@dividend          cstackBANK0  0022
___lwdiv@divisor           cstackBANK0  0020
___lwdiv@quotient          cstackBANK0  0025
___lwmod                   text9        1BF2
___lwmod@counter           cstackCOMMON 0077
___lwmod@dividend          cstackCOMMON 0074
___lwmod@divisor           cstackCOMMON 0072
___sp                      stack        0000
___stackhi                 (abs)        0000
___stacklo                 (abs)        0000
___wmul                    text16       1B7E
___wmul@multiplicand       cstackCOMMON 0074
___wmul@multiplier         cstackCOMMON 0072
___wmul@product            cstackCOMMON 0076
___xxtofl                  text15       1134
___xxtofl@arg              cstackBANK0  0022
___xxtofl@exp              cstackBANK0  0021
___xxtofl@sign             cstackBANK0  0020
___xxtofl@val              cstackCOMMON 0072
__div_to_l_                text14       12AD
__div_to_l_@cntr           cstackBANK0  0024
__div_to_l_@exp1           cstackBANK0  0025
__div_to_l_@f1             cstackCOMMON 0072
__div_to_l_@f2             cstackCOMMON 0076
__div_to_l_@quot           cstackBANK0  0020
__end_of_ISR               text32       1B63
__end_of__Umul8_16         text12       1BCA
__end_of___awdiv           text6        0871
__end_of___awmod           text5        1E56
__end_of___fladd           text21       1800
__end_of___fleq            text24       1D57
__end_of___flge            text23       2000
__end_of___flmul           text11       0C9D
__end_of___flneg           text22       1B11
__end_of___flsub           text20       1DA7
__end_of___fltol           text19       1134
__end_of___lldiv           text18       1EBE
__end_of___llmod           text17       1DFD
__end_of___lwdiv           text10       1CB8
__end_of___lwmod           text9        1C2C
__end_of___wmul            text16       1BA3
__end_of___xxtofl          text15       11F0
__end_of__div_to_l_        text14       136B
__end_of__initialization   cinit        001C
__end_of__npowers_         strings      1078
__end_of__powers_          strings      1044
__end_of__stringtab        strings      1010
__end_of__tdiv_to_l_       text13       12AD
__end_of_dpowers           strings      10A0
__end_of_fround            text8        1578
__end_of_initADC           text31       1F5C
__end_of_initLCD           text29       1D07
__end_of_isdigit           text7        1B23
__end_of_lcd_clr           text28       07FF
__end_of_lcd_cmd           text30       1B37
__end_of_lcd_set_cursor    text27       1B7E
__end_of_lcd_write_char    text26       1B4B
__end_of_lcd_write_float   text2        07F8
__end_of_lcd_write_int     text1        1BF2
__end_of_lcd_write_string  text25       1C72
__end_of_main              maintext     093C
__end_of_scale             text4        1000
__end_of_sprintf           text3        07CA
__initialization           cinit        000F
__npowers_                 strings      1044
__pbssBANK1                bssBANK1     00D6
__pbssCOMMON               bssCOMMON    007B
__pcstackBANK0             cstackBANK0  0020
__pcstackBANK1             cstackBANK1  00A0
__pcstackCOMMON            cstackCOMMON 0070
__pintentry                intentry     0004
__pmaintext                maintext     0871
__powers_                  strings      1010
__pstrings                 strings      1000
__ptext1                   text1        1BCA
__ptext10                  text10       1C72
__ptext11                  text11       093C
__ptext12                  text12       1BA3
__ptext13                  text13       11F0
__ptext14                  text14       12AD
__ptext15                  text15       1134
__ptext16                  text16       1B7E
__ptext17                  text17       1DA7
__ptext18                  text18       1E56
__ptext19                  text19       10B8
__ptext2                   text2        07CA
__ptext20                  text20       1D57
__ptext21                  text21       1578
__ptext22                  text22       1B06
__ptext23                  text23       1F5C
__ptext24                  text24       1D07
__ptext25                  text25       1C2C
__ptext26                  text26       1B37
__ptext27                  text27       1B63
__ptext28                  text28       07F8
__ptext29                  text29       1CB8
__ptext3                   text3        0020
__ptext30                  text30       1B23
__ptext31                  text31       1EBE
__ptext32                  text32       1B4B
__ptext4                   text4        0C9D
__ptext5                   text5        1DFD
__ptext6                   text6        0808
__ptext7                   text7        1B11
__ptext8                   text8        136B
__ptext9                   text9        1BF2
__size_of_ISR              (abs)        0000
__size_of__Umul8_16        (abs)        0000
__size_of___awdiv          (abs)        0000
__size_of___awmod          (abs)        0000
__size_of___fladd          (abs)        0000
__size_of___fleq           (abs)        0000
__size_of___flge           (abs)        0000
__size_of___flmul          (abs)        0000
__size_of___flneg          (abs)        0000
__size_of___flsub          (abs)        0000
__size_of___fltol          (abs)        0000
__size_of___lldiv          (abs)        0000
__size_of___llmod          (abs)        0000
__size_of___lwdiv          (abs)        0000
__size_of___lwmod          (abs)        0000
__size_of___wmul           (abs)        0000
__size_of___xxtofl         (abs)        0000
__size_of__div_to_l_       (abs)        0000
__size_of__tdiv_to_l_      (abs)        0000
__size_of_fround           (abs)        0000
__size_of_initADC          (abs)        0000
__size_of_initLCD          (abs)        0000
__size_of_isdigit          (abs)        0000
__size_of_lcd_clr          (abs)        0000
__size_of_lcd_cmd          (abs)        0000
__size_of_lcd_set_cursor   (abs)        0000
__size_of_lcd_write_char   (abs)        0000
__size_of_lcd_write_float  (abs)        0000
__size_of_lcd_write_int    (abs)        0000
__size_of_lcd_write_string (abs)        0000
__size_of_main             (abs)        0000
__size_of_scale            (abs)        0000
__size_of_sprintf          (abs)        0000
__stringbase               strings      100F
__stringtab                strings      1000
__tdiv_to_l_               text13       11F0
__tdiv_to_l_@cntr          cstackBANK0  0028
__tdiv_to_l_@exp1          cstackBANK0  0029
__tdiv_to_l_@f1            cstackCOMMON 0072
__tdiv_to_l_@f2            cstackCOMMON 0076
__tdiv_to_l_@quot          cstackBANK0  0024
_adc                       bssBANK1     00DE
_dpowers                   strings      1078
_fround                    text8        136B
_fround$1022               cstackBANK0  0051
_fround$1023               cstackBANK0  004D
_initADC                   text31       1EBE
_initLCD                   text29       1CB8
_isdigit                   text7        1B11
_isdigit$845               cstackCOMMON 0072
_lcd_clr                   text28       07F8
_lcd_cmd                   text30       1B23
_lcd_set_cursor            text27       1B63
_lcd_write_char            text26       1B37
_lcd_write_float           text2        07CA
_lcd_write_int             text1        1BCA
_lcd_write_string          text25       1C2C
_main                      maintext     0871
_main$1021                 cstackBANK1  00D2
_ready                     bssBANK1     00DF
_scale                     text4        0C9D
_scale$1024                cstackBANK0  0050
_sprintf                   text3        0020
_sprintf$1025              cstackBANK1  00AD
btemp                      (abs)        007E
end_of_initialization      cinit        001C
fround@prec                cstackBANK0  0055
initADC@analog             cstackCOMMON 0074
interrupt_function         intentry     0004
intlevel0                  functab      0000
intlevel1                  functab      0000
intlevel2                  functab      0000
intlevel3                  functab      0000
intlevel4                  functab      0000
intlevel5                  functab      0000
isdigit@c                  cstackCOMMON 0073
lcd_cmd@command            cstackCOMMON 0074
lcd_set_cursor@posx        cstackCOMMON 0076
lcd_set_cursor@posy        cstackCOMMON 0075
lcd_write_char@var         cstackCOMMON 0074
lcd_write_float@buffer     cstackBANK1  00CA
lcd_write_float@numero     cstackBANK1  00C6
lcd_write_int@buffer       cstackBANK1  00CA
lcd_write_int@numero       cstackBANK1  00C9
lcd_write_string@i         cstackBANK0  0020
lcd_write_string@var       cstackCOMMON 0075
reset_vec                  reset_vec    0000
saved_w                    (abs)        007E
scale@scl                  cstackBANK0  0054
sprintf@ap                 cstackBANK1  00B1
sprintf@c                  cstackBANK1  00C5
sprintf@eexp               cstackBANK1  00B4
sprintf@f                  cstackBANK0  006A
sprintf@flag               cstackBANK1  00B2
sprintf@fval               cstackBANK1  00BF
sprintf@prec               cstackBANK1  00C3
sprintf@sp                 cstackBANK1  00BE
sprintf@tmpval             cstackBANK1  00B6
sprintf@val                cstackBANK1  00BA
start                      init         000C
start_initialization       cinit        000F
wtemp0                     (abs)        007E


FUNCTION INFORMATION:

 *************** function _main *****************
 Defined at:
		line 47 in file "LCD.c"
 Parameters:    Size  Location     Type
		None
 Auto vars:     Size  Location     Type
		None
 Return value:  Size  Location     Type
                  1    wreg      void 
 Registers used:
		wreg, fsr0l, fsr0h, status,2, status,0, btemp+1, pclath, cstack
 Tracked objects:
		On entry : 
		On exit  : 
		Unchanged: 
 Data sizes:     COMMON   BANK0   BANK1   BANK3   BANK2
      Params:         0       0       0       0       0
      Locals:         0       0       4       0       0
      Temps:          0       0       4       0       0
      Totals:         0       0       8       0       0
Total ram usage:        8 bytes
 Hardware stack levels required when called:    6
 This function calls:
		___awdiv
		___wmul
		___xxtofl
		_initADC
		_initLCD
		_lcd_clr
		_lcd_set_cursor
		_lcd_write_float
		_lcd_write_int
		_lcd_write_string
 This function is called by:
		Startup code after reset
 This function uses a non-reentrant model


 *************** function _lcd_write_int *****************
 Defined at:
		line 65 in file "LCD_Init.c"
 Parameters:    Size  Location     Type
  numero          1    wreg     unsigned char 
 Auto vars:     Size  Location     Type
  numero          1   41[BANK1 ] unsigned char 
  buffer          4   42[BANK1 ] unsigned char [4]
 Return value:  Size  Location     Type
                  1    wreg      void 
 Registers used:
		wreg, fsr0l, fsr0h, status,2, status,0, btemp+1, pclath, cstack
 Tracked objects:
		On entry : 
		On exit  : 
		Unchanged: 
 Data sizes:     COMMON   BANK0   BANK1   BANK3   BANK2
      Params:         0       0       0       0       0
      Locals:         0       0       5       0       0
      Temps:          0       0       3       0       0
      Totals:         0       0       8       0       0
Total ram usage:        8 bytes
 Hardware stack levels used:    1
 Hardware stack levels required when called:    5
 This function calls:
		_lcd_write_string
		_sprintf
 This function is called by:
		_main
 This function uses a non-reentrant model


 *************** function _lcd_write_float *****************
 Defined at:
		line 71 in file "LCD_Init.c"
 Parameters:    Size  Location     Type
  numero          4   38[BANK1 ] float 
 Auto vars:     Size  Location     Type
  buffer          4   42[BANK1 ] unsigned char [4]
 Return value:  Size  Location     Type
                  1    wreg      void 
 Registers used:
		wreg, fsr0l, fsr0h, status,2, status,0, btemp+1, pclath, cstack
 Tracked objects:
		On entry : 
		On exit  : 
		Unchanged: 
 Data sizes:     COMMON   BANK0   BANK1   BANK3   BANK2
      Params:         0       0       4       0       0
      Locals:         0       0       4       0       0
      Temps:          0       1       0       0       0
      Totals:         0       1       8       0       0
Total ram usage:        9 bytes
 Hardware stack levels used:    1
 Hardware stack levels required when called:    5
 This function calls:
		_lcd_write_string
		_sprintf
 This function is called by:
		_main
 This function uses a non-reentrant model


 *************** function _sprintf *****************
 Defined at:
		line 505 in file "C:\Program Files (x86)\Microchip\xc8\v2.10\pic\sources\c90\common\doprnt.c"
 Parameters:    Size  Location     Type
  sp              1    wreg     PTR unsigned char 
		 -> lcd_write_float@buffer(4), lcd_write_int@buffer(4), 
  f               1   74[BANK0 ] PTR const unsigned char 
		 -> STR_3(5), STR_2(3), 
 Auto vars:     Size  Location     Type
  sp              1   30[BANK1 ] PTR unsigned char 
		 -> lcd_write_float@buffer(4), lcd_write_int@buffer(4), 
  fval            4   31[BANK1 ] PTR unsigned char 
  val             4   26[BANK1 ] unsigned long 
  tmpval          4   22[BANK1 ] struct .
  prec            2   35[BANK1 ] int 
  eexp            2   20[BANK1 ] int 
  flag            2   18[BANK1 ] unsigned short 
  cp              2    0        PTR const unsigned char 
  len             2    0        unsigned int 
  width           2    0        int 
  c               1   37[BANK1 ] unsigned char 
  ap              1   17[BANK1 ] PTR void [1]
		 -> ?_sprintf(2), 
  d               1    0        unsigned char 
 Return value:  Size  Location     Type
                  2   74[BANK0 ] int 
 Registers used:
		wreg, fsr0l, fsr0h, status,2, status,0, btemp+1, pclath, cstack
 Tracked objects:
		On entry : 
		On exit  : 
		Unchanged: 
 Data sizes:     COMMON   BANK0   BANK1   BANK3   BANK2
      Params:         0       5       0       0       0
      Locals:         0       0      25       0       0
      Temps:          0       0       5       0       0
      Totals:         0       5      30       0       0
Total ram usage:       35 bytes
 Hardware stack levels used:    1
 Hardware stack levels required when called:    4
 This function calls:
		___awdiv
		___fladd
		___fleq
		___flge
		___flmul
		___flneg
		___flsub
		___fltol
		___lldiv
		___llmod
		___wmul
		___xxtofl
		__div_to_l_
		__tdiv_to_l_
		_fround
		_isdigit
		_scale
 This function is called by:
		_lcd_write_int
		_lcd_write_float
 This function uses a non-reentrant model


 *************** function _scale *****************
 Defined at:
		line 433 in file "C:\Program Files (x86)\Microchip\xc8\v2.10\pic\sources\c90\common\doprnt.c"
 Parameters:    Size  Location     Type
  scl             1    wreg     char 
 Auto vars:     Size  Location     Type
  scl             1   52[BANK0 ] char 
 Return value:  Size  Location     Type
                  4   34[BANK0 ] char 
 Registers used:
		wreg, fsr0l, fsr0h, status,2, status,0, btemp+1, pclath, cstack
 Tracked objects:
		On entry : 
		On exit  : 
		Unchanged: 
 Data sizes:     COMMON   BANK0   BANK1   BANK3   BANK2
      Params:         0       4       0       0       0
      Locals:         0       5       0       0       0
      Temps:          0      10       0       0       0
      Totals:         0      19       0       0       0
Total ram usage:       19 bytes
 Hardware stack levels used:    1
 Hardware stack levels required when called:    3
 This function calls:
		___awdiv
		___awmod
		___flmul
 This function is called by:
		_sprintf
 This function uses a non-reentrant model


 *************** function ___awmod *****************
 Defined at:
		line 5 in file "C:\Program Files (x86)\Microchip\xc8\v2.10\pic\sources\c90\common\awmod.c"
 Parameters:    Size  Location     Type
  divisor         2    2[COMMON] int 
  dividend        2    4[COMMON] int 
 Auto vars:     Size  Location     Type
  sign            1    8[COMMON] unsigned char 
  counter         1    7[COMMON] unsigned char 
 Return value:  Size  Location     Type
                  2    2[COMMON] int 
 Registers used:
		wreg, status,2, status,0
 Tracked objects:
		On entry : 
		On exit  : 
		Unchanged: 
 Data sizes:     COMMON   BANK0   BANK1   BANK3   BANK2
      Params:         4       0       0       0       0
      Locals:         2       0       0       0       0
      Temps:          1       0       0       0       0
      Totals:         7       0       0       0       0
Total ram usage:        7 bytes
 Hardware stack levels used:    1
 Hardware stack levels required when called:    1
 This function calls:
		Nothing
 This function is called by:
		_scale
 This function uses a non-reentrant model


 *************** function ___awdiv *****************
 Defined at:
		line 5 in file "C:\Program Files (x86)\Microchip\xc8\v2.10\pic\sources\c90\common\awdiv.c"
 Parameters:    Size  Location     Type
  divisor         2    0[BANK0 ] int 
  dividend        2    2[BANK0 ] int 
 Auto vars:     Size  Location     Type
  quotient        2    6[BANK0 ] int 
  sign            1    5[BANK0 ] unsigned char 
  counter         1    4[BANK0 ] unsigned char 
 Return value:  Size  Location     Type
                  2    0[BANK0 ] int 
 Registers used:
		wreg, status,2, status,0
 Tracked objects:
		On entry : 
		On exit  : 
		Unchanged: 
 Data sizes:     COMMON   BANK0   BANK1   BANK3   BANK2
      Params:         0       4       0       0       0
      Locals:         0       4       0       0       0
      Temps:          1       0       0       0       0
      Totals:         1       8       0       0       0
Total ram usage:        9 bytes
 Hardware stack levels used:    1
 Hardware stack levels required when called:    1
 This function calls:
		Nothing
 This function is called by:
		_main
		_scale
		_sprintf
 This function uses a non-reentrant model


 *************** function _isdigit *****************
 Defined at:
		line 8 in file "C:\Program Files (x86)\Microchip\xc8\v2.10\pic\sources\c90\common\isdigit.c"
 Parameters:    Size  Location     Type
  c               1    wreg     unsigned char 
 Auto vars:     Size  Location     Type
  c               1    3[COMMON] unsigned char 
 Return value:  Size  Location     Type
		None               void
 Registers used:
		wreg, status,2, status,0
 Tracked objects:
		On entry : 
		On exit  : 
		Unchanged: 
 Data sizes:     COMMON   BANK0   BANK1   BANK3   BANK2
      Params:         0       0       0       0       0
      Locals:         2       0       0       0       0
      Temps:          0       0       0       0       0
      Totals:         2       0       0       0       0
Total ram usage:        2 bytes
 Hardware stack levels used:    1
 Hardware stack levels required when called:    1
 This function calls:
		Nothing
 This function is called by:
		_sprintf
 This function uses a non-reentrant model


 *************** function _fround *****************
 Defined at:
		line 417 in file "C:\Program Files (x86)\Microchip\xc8\v2.10\pic\sources\c90\common\doprnt.c"
 Parameters:    Size  Location     Type
  prec            1    wreg     unsigned char 
 Auto vars:     Size  Location     Type
  prec            1   53[BANK0 ] unsigned char 
 Return value:  Size  Location     Type
                  4   34[BANK0 ] unsigned char 
 Registers used:
		wreg, fsr0l, fsr0h, status,2, status,0, btemp+1, pclath, cstack
 Tracked objects:
		On entry : 
		On exit  : 
		Unchanged: 
 Data sizes:     COMMON   BANK0   BANK1   BANK3   BANK2
      Params:         0       4       0       0       0
      Locals:         0       9       0       0       0
      Temps:          0       7       0       0       0
      Totals:         0      20       0       0       0
Total ram usage:       20 bytes
 Hardware stack levels used:    1
 Hardware stack levels required when called:    3
 This function calls:
		___flmul
		___lwdiv
		___lwmod
 This function is called by:
		_sprintf
 This function uses a non-reentrant model


 *************** function ___lwmod *****************
 Defined at:
		line 5 in file "C:\Program Files (x86)\Microchip\xc8\v2.10\pic\sources\c90\common\lwmod.c"
 Parameters:    Size  Location     Type
  divisor         2    2[COMMON] unsigned int 
  dividend        2    4[COMMON] unsigned int 
 Auto vars:     Size  Location     Type
  counter         1    7[COMMON] unsigned char 
 Return value:  Size  Location     Type
                  2    2[COMMON] unsigned int 
 Registers used:
		wreg, status,2, status,0
 Tracked objects:
		On entry : 
		On exit  : 
		Unchanged: 
 Data sizes:     COMMON   BANK0   BANK1   BANK3   BANK2
      Params:         4       0       0       0       0
      Locals:         1       0       0       0       0
      Temps:          1       0       0       0       0
      Totals:         6       0       0       0       0
Total ram usage:        6 bytes
 Hardware stack levels used:    1
 Hardware stack levels required when called:    1
 This function calls:
		Nothing
 This function is called by:
		_fround
 This function uses a non-reentrant model


 *************** function ___lwdiv *****************
 Defined at:
		line 5 in file "C:\Program Files (x86)\Microchip\xc8\v2.10\pic\sources\c90\common\lwdiv.c"
 Parameters:    Size  Location     Type
  divisor         2    0[BANK0 ] unsigned int 
  dividend        2    2[BANK0 ] unsigned int 
 Auto vars:     Size  Location     Type
  quotient        2    5[BANK0 ] unsigned int 
  counter         1    4[BANK0 ] unsigned char 
 Return value:  Size  Location     Type
                  2    0[BANK0 ] unsigned int 
 Registers used:
		wreg, status,2, status,0
 Tracked objects:
		On entry : 
		On exit  : 
		Unchanged: 
 Data sizes:     COMMON   BANK0   BANK1   BANK3   BANK2
      Params:         0       4       0       0       0
      Locals:         0       3       0       0       0
      Temps:          1       0       0       0       0
      Totals:         1       7       0       0       0
Total ram usage:        8 bytes
 Hardware stack levels used:    1
 Hardware stack levels required when called:    1
 This function calls:
		Nothing
 This function is called by:
		_fround
 This function uses a non-reentrant model


 *************** function ___flmul *****************
 Defined at:
		line 8 in file "C:\Program Files (x86)\Microchip\xc8\v2.10\pic\sources\c90\common\sprcmul.c"
 Parameters:    Size  Location     Type
  b               4    8[BANK0 ] unsigned int 
  a               4   12[BANK0 ] unsigned int 
 Auto vars:     Size  Location     Type
  prod            4   28[BANK0 ] struct .
  grs             4   22[BANK0 ] unsigned long 
  temp            2   32[BANK0 ] struct .
  bexp            1   27[BANK0 ] unsigned char 
  aexp            1   26[BANK0 ] unsigned char 
  sign            1   21[BANK0 ] unsigned char 
 Return value:  Size  Location     Type
                  4    8[BANK0 ] unsigned char 
 Registers used:
		wreg, status,2, status,0, btemp+1, pclath, cstack
 Tracked objects:
		On entry : 
		On exit  : 
		Unchanged: 
 Data sizes:     COMMON   BANK0   BANK1   BANK3   BANK2
      Params:         0       8       0       0       0
      Locals:         0      13       0       0       0
      Temps:          0       5       0       0       0
      Totals:         0      26       0       0       0
Total ram usage:       26 bytes
 Hardware stack levels used:    1
 Hardware stack levels required when called:    2
 This function calls:
		__Umul8_16
 This function is called by:
		_fround
		_scale
		_sprintf
 This function uses a non-reentrant model


 *************** function __Umul8_16 *****************
 Defined at:
		line 4 in file "C:\Program Files (x86)\Microchip\xc8\v2.10\pic\sources\c90\common\Umul8_16.c"
 Parameters:    Size  Location     Type
  multiplier      1    wreg     unsigned char 
  multiplicand    1    2[COMMON] unsigned char 
 Auto vars:     Size  Location     Type
  multiplier      1   10[COMMON] unsigned char 
  word_mpld       2    8[COMMON] unsigned int 
  product         2    6[COMMON] unsigned int 
 Return value:  Size  Location     Type
                  2    2[COMMON] unsigned int 
 Registers used:
		wreg, status,2, status,0
 Tracked objects:
		On entry : 
		On exit  : 
		Unchanged: 
 Data sizes:     COMMON   BANK0   BANK1   BANK3   BANK2
      Params:         2       0       0       0       0
      Locals:         5       0       0       0       0
      Temps:          2       0       0       0       0
      Totals:         9       0       0       0       0
Total ram usage:        9 bytes
 Hardware stack levels used:    1
 Hardware stack levels required when called:    1
 This function calls:
		Nothing
 This function is called by:
		___flmul
 This function uses a non-reentrant model


 *************** function __tdiv_to_l_ *****************
 Defined at:
		line 60 in file "C:\Program Files (x86)\Microchip\xc8\v2.10\pic\sources\c90\common\ftdivl.c"
 Parameters:    Size  Location     Type
  f1              4    2[COMMON] float 
  f2              4    6[COMMON] float 
 Auto vars:     Size  Location     Type
  quot            4    4[BANK0 ] unsigned long 
  exp1            1    9[BANK0 ] unsigned char 
  cntr            1    8[BANK0 ] unsigned char 
 Return value:  Size  Location     Type
                  4    2[COMMON] unsigned long 
 Registers used:
		wreg, status,2, status,0
 Tracked objects:
		On entry : 
		On exit  : 
		Unchanged: 
 Data sizes:     COMMON   BANK0   BANK1   BANK3   BANK2
      Params:         8       0       0       0       0
      Locals:         0       6       0       0       0
      Temps:          0       4       0       0       0
      Totals:         8      10       0       0       0
Total ram usage:       18 bytes
 Hardware stack levels used:    1
 Hardware stack levels required when called:    1
 This function calls:
		Nothing
 This function is called by:
		_sprintf
 This function uses a non-reentrant model


 *************** function __div_to_l_ *****************
 Defined at:
		line 60 in file "C:\Program Files (x86)\Microchip\xc8\v2.10\pic\sources\c90\common\fldivl.c"
 Parameters:    Size  Location     Type
  f1              4    2[COMMON] unsigned long 
  f2              4    6[COMMON] unsigned long 
 Auto vars:     Size  Location     Type
  quot            4    0[BANK0 ] unsigned long 
  exp1            1    5[BANK0 ] unsigned char 
  cntr            1    4[BANK0 ] unsigned char 
 Return value:  Size  Location     Type
                  4    2[COMMON] unsigned long 
 Registers used:
		wreg, status,2, status,0
 Tracked objects:
		On entry : 
		On exit  : 
		Unchanged: 
 Data sizes:     COMMON   BANK0   BANK1   BANK3   BANK2
      Params:         8       0       0       0       0
      Locals:         0       6       0       0       0
      Temps:          1       0       0       0       0
      Totals:         9       6       0       0       0
Total ram usage:       15 bytes
 Hardware stack levels used:    1
 Hardware stack levels required when called:    1
 This function calls:
		Nothing
 This function is called by:
		_sprintf
 This function uses a non-reentrant model


 *************** function ___xxtofl *****************
 Defined at:
		line 10 in file "C:\Program Files (x86)\Microchip\xc8\v2.10\pic\sources\c90\common\xxtofl.c"
 Parameters:    Size  Location     Type
  sign            1    wreg     unsigned char 
  val             4    2[COMMON] long 
 Auto vars:     Size  Location     Type
  sign            1    0[BANK0 ] unsigned char 
  arg             4    2[BANK0 ] unsigned long 
  exp             1    1[BANK0 ] unsigned char 
 Return value:  Size  Location     Type
                  4    2[COMMON] unsigned char 
 Registers used:
		wreg, status,2, status,0
 Tracked objects:
		On entry : 
		On exit  : 
		Unchanged: 
 Data sizes:     COMMON   BANK0   BANK1   BANK3   BANK2
      Params:         4       0       0       0       0
      Locals:         0       6       0       0       0
      Temps:          4       0       0       0       0
      Totals:         8       6       0       0       0
Total ram usage:       14 bytes
 Hardware stack levels used:    1
 Hardware stack levels required when called:    1
 This function calls:
		Nothing
 This function is called by:
		_main
		_sprintf
 This function uses a non-reentrant model


 *************** function ___wmul *****************
 Defined at:
		line 15 in file "C:\Program Files (x86)\Microchip\xc8\v2.10\pic\sources\c90\common\Umul16.c"
 Parameters:    Size  Location     Type
  multiplier      2    2[COMMON] unsigned int 
  multiplicand    2    4[COMMON] unsigned int 
 Auto vars:     Size  Location     Type
  product         2    6[COMMON] unsigned int 
 Return value:  Size  Location     Type
                  2    2[COMMON] unsigned int 
 Registers used:
		wreg, status,2, status,0
 Tracked objects:
		On entry : 
		On exit  : 
		Unchanged: 
 Data sizes:     COMMON   BANK0   BANK1   BANK3   BANK2
      Params:         4       0       0       0       0
      Locals:         2       0       0       0       0
      Temps:          0       0       0       0       0
      Totals:         6       0       0       0       0
Total ram usage:        6 bytes
 Hardware stack levels used:    1
 Hardware stack levels required when called:    1
 This function calls:
		Nothing
 This function is called by:
		_main
		_sprintf
 This function uses a non-reentrant model


 *************** function ___llmod *****************
 Defined at:
		line 5 in file "C:\Program Files (x86)\Microchip\xc8\v2.10\pic\sources\c90\common\llmod.c"
 Parameters:    Size  Location     Type
  divisor         4    5[BANK0 ] unsigned long 
  dividend        4    9[BANK0 ] unsigned long 
 Auto vars:     Size  Location     Type
  counter         1   14[BANK0 ] unsigned char 
 Return value:  Size  Location     Type
                  4    5[BANK0 ] unsigned long 
 Registers used:
		wreg, status,2, status,0
 Tracked objects:
		On entry : 
		On exit  : 
		Unchanged: 
 Data sizes:     COMMON   BANK0   BANK1   BANK3   BANK2
      Params:         0       8       0       0       0
      Locals:         0       1       0       0       0
      Temps:          0       1       0       0       0
      Totals:         0      10       0       0       0
Total ram usage:       10 bytes
 Hardware stack levels used:    1
 Hardware stack levels required when called:    1
 This function calls:
		Nothing
 This function is called by:
		_sprintf
 This function uses a non-reentrant model


 *************** function ___lldiv *****************
 Defined at:
		line 5 in file "C:\Program Files (x86)\Microchip\xc8\v2.10\pic\sources\c90\common\__lldiv.c"
 Parameters:    Size  Location     Type
  divisor         4    2[COMMON] unsigned long 
  dividend        4    6[COMMON] unsigned long 
 Auto vars:     Size  Location     Type
  quotient        4    0[BANK0 ] unsigned long 
  counter         1    4[BANK0 ] unsigned char 
 Return value:  Size  Location     Type
                  4    2[COMMON] unsigned long 
 Registers used:
		wreg, status,2, status,0
 Tracked objects:
		On entry : 
		On exit  : 
		Unchanged: 
 Data sizes:     COMMON   BANK0   BANK1   BANK3   BANK2
      Params:         8       0       0       0       0
      Locals:         0       5       0       0       0
      Temps:          1       0       0       0       0
      Totals:         9       5       0       0       0
Total ram usage:       14 bytes
 Hardware stack levels used:    1
 Hardware stack levels required when called:    1
 This function calls:
		Nothing
 This function is called by:
		_sprintf
 This function uses a non-reentrant model


 *************** function ___fltol *****************
 Defined at:
		line 43 in file "C:\Program Files (x86)\Microchip\xc8\v2.10\pic\sources\c90\common\fltol.c"
 Parameters:    Size  Location     Type
  f1              4   53[BANK0 ] unsigned long 
 Auto vars:     Size  Location     Type
  exp1            1   63[BANK0 ] unsigned char 
  sign1           1   62[BANK0 ] unsigned char 
 Return value:  Size  Location     Type
                  4   53[BANK0 ] long 
 Registers used:
		wreg, status,2, status,0
 Tracked objects:
		On entry : 
		On exit  : 
		Unchanged: 
 Data sizes:     COMMON   BANK0   BANK1   BANK3   BANK2
      Params:         0       4       0       0       0
      Locals:         0       2       0       0       0
      Temps:          0       5       0       0       0
      Totals:         0      11       0       0       0
Total ram usage:       11 bytes
 Hardware stack levels used:    1
 Hardware stack levels required when called:    1
 This function calls:
		Nothing
 This function is called by:
		_sprintf
 This function uses a non-reentrant model


 *************** function ___flsub *****************
 Defined at:
		line 242 in file "C:\Program Files (x86)\Microchip\xc8\v2.10\pic\sources\c90\common\sprcadd.c"
 Parameters:    Size  Location     Type
  a               4    0[BANK1 ] long 
  b               4    4[BANK1 ] long 
 Auto vars:     Size  Location     Type
		None
 Return value:  Size  Location     Type
                  4    0[BANK1 ] long 
 Registers used:
		wreg, status,2, status,0, btemp+1, pclath, cstack
 Tracked objects:
		On entry : 
		On exit  : 
		Unchanged: 
 Data sizes:     COMMON   BANK0   BANK1   BANK3   BANK2
      Params:         0       0       8       0       0
      Locals:         0       0       0       0       0
      Temps:          0       0       0       0       0
      Totals:         0       0       8       0       0
Total ram usage:        8 bytes
 Hardware stack levels used:    1
 Hardware stack levels required when called:    2
 This function calls:
		___fladd
 This function is called by:
		_sprintf
 This function uses a non-reentrant model


 *************** function ___fladd *****************
 Defined at:
		line 10 in file "C:\Program Files (x86)\Microchip\xc8\v2.10\pic\sources\c90\common\sprcadd.c"
 Parameters:    Size  Location     Type
  b               4   54[BANK0 ] long 
  a               4   58[BANK0 ] long 
 Auto vars:     Size  Location     Type
  grs             1   73[BANK0 ] unsigned char 
  bexp            1   72[BANK0 ] unsigned char 
  aexp            1   71[BANK0 ] unsigned char 
  signs           1   70[BANK0 ] unsigned char 
 Return value:  Size  Location     Type
                  4   54[BANK0 ] unsigned char 
 Registers used:
		wreg, status,2, status,0, btemp+1
 Tracked objects:
		On entry : 
		On exit  : 
		Unchanged: 
 Data sizes:     COMMON   BANK0   BANK1   BANK3   BANK2
      Params:         0       8       0       0       0
      Locals:         0       4       0       0       0
      Temps:          0       8       0       0       0
      Totals:         0      20       0       0       0
Total ram usage:       20 bytes
 Hardware stack levels used:    1
 Hardware stack levels required when called:    1
 This function calls:
		Nothing
 This function is called by:
		_sprintf
		___flsub
 This function uses a non-reentrant model


 *************** function ___flneg *****************
 Defined at:
		line 15 in file "C:\Program Files (x86)\Microchip\xc8\v2.10\pic\sources\c90\common\flneg.c"
 Parameters:    Size  Location     Type
  f1              4    2[COMMON] unsigned char 
 Auto vars:     Size  Location     Type
		None
 Return value:  Size  Location     Type
                  4    2[COMMON] unsigned char 
 Registers used:
		wreg
 Tracked objects:
		On entry : 
		On exit  : 
		Unchanged: 
 Data sizes:     COMMON   BANK0   BANK1   BANK3   BANK2
      Params:         4       0       0       0       0
      Locals:         0       0       0       0       0
      Temps:          0       0       0       0       0
      Totals:         4       0       0       0       0
Total ram usage:        4 bytes
 Hardware stack levels used:    1
 Hardware stack levels required when called:    1
 This function calls:
		Nothing
 This function is called by:
		_sprintf
 This function uses a non-reentrant model


 *************** function ___flge *****************
 Defined at:
		line 4 in file "C:\Program Files (x86)\Microchip\xc8\v2.10\pic\sources\c90\common\flge.c"
 Parameters:    Size  Location     Type
  ff1             4    2[COMMON] unsigned char 
  ff2             4    6[COMMON] unsigned char 
 Auto vars:     Size  Location     Type
		None
 Return value:  Size  Location     Type
		None               void
 Registers used:
		wreg, status,2, status,0
 Tracked objects:
		On entry : 
		On exit  : 
		Unchanged: 
 Data sizes:     COMMON   BANK0   BANK1   BANK3   BANK2
      Params:         8       0       0       0       0
      Locals:         0       0       0       0       0
      Temps:          0       4       0       0       0
      Totals:         8       4       0       0       0
Total ram usage:       12 bytes
 Hardware stack levels used:    1
 Hardware stack levels required when called:    1
 This function calls:
		Nothing
 This function is called by:
		_sprintf
 This function uses a non-reentrant model


 *************** function ___fleq *****************
 Defined at:
		line 4 in file "C:\Program Files (x86)\Microchip\xc8\v2.10\pic\sources\c90\common\fleq.c"
 Parameters:    Size  Location     Type
  ff1             4    2[COMMON] unsigned char 
  ff2             4    6[COMMON] unsigned char 
 Auto vars:     Size  Location     Type
		None
 Return value:  Size  Location     Type
		None               void
 Registers used:
		wreg, status,2, status,0
 Tracked objects:
		On entry : 
		On exit  : 
		Unchanged: 
 Data sizes:     COMMON   BANK0   BANK1   BANK3   BANK2
      Params:         8       0       0       0       0
      Locals:         0       0       0       0       0
      Temps:          0       4       0       0       0
      Totals:         8       4       0       0       0
Total ram usage:       12 bytes
 Hardware stack levels used:    1
 Hardware stack levels required when called:    1
 This function calls:
		Nothing
 This function is called by:
		_sprintf
 This function uses a non-reentrant model


 *************** function _lcd_write_string *****************
 Defined at:
		line 59 in file "LCD_Init.c"
 Parameters:    Size  Location     Type
  var             2    5[COMMON] PTR unsigned char 
		 -> lcd_write_float@buffer(4), lcd_write_int@buffer(4), STR_1(11), 
 Auto vars:     Size  Location     Type
  i               2    0[BANK0 ] int 
 Return value:  Size  Location     Type
                  1    wreg      void 
 Registers used:
		wreg, fsr0l, fsr0h, status,2, status,0, btemp+1, pclath, cstack
 Tracked objects:
		On entry : 
		On exit  : 
		Unchanged: 
 Data sizes:     COMMON   BANK0   BANK1   BANK3   BANK2
      Params:         2       0       0       0       0
      Locals:         0       2       0       0       0
      Temps:          3       0       0       0       0
      Totals:         5       2       0       0       0
Total ram usage:        7 bytes
 Hardware stack levels used:    1
 Hardware stack levels required when called:    2
 This function calls:
		_lcd_write_char
 This function is called by:
		_main
		_lcd_write_int
		_lcd_write_float
 This function uses a non-reentrant model


 *************** function _lcd_write_char *****************
 Defined at:
		line 51 in file "LCD_Init.c"
 Parameters:    Size  Location     Type
  var             1    wreg     unsigned char 
 Auto vars:     Size  Location     Type
  var             1    4[COMMON] unsigned char 
 Return value:  Size  Location     Type
                  1    wreg      void 
 Registers used:
		wreg
 Tracked objects:
		On entry : 
		On exit  : 
		Unchanged: 
 Data sizes:     COMMON   BANK0   BANK1   BANK3   BANK2
      Params:         0       0       0       0       0
      Locals:         1       0       0       0       0
      Temps:          2       0       0       0       0
      Totals:         3       0       0       0       0
Total ram usage:        3 bytes
 Hardware stack levels used:    1
 Hardware stack levels required when called:    1
 This function calls:
		Nothing
 This function is called by:
		_lcd_write_string
 This function uses a non-reentrant model


 *************** function _lcd_set_cursor *****************
 Defined at:
		line 42 in file "LCD_Init.c"
 Parameters:    Size  Location     Type
  posx            1    wreg     unsigned char 
  posy            1    5[COMMON] unsigned char 
 Auto vars:     Size  Location     Type
  posx            1    6[COMMON] unsigned char 
 Return value:  Size  Location     Type
                  1    wreg      void 
 Registers used:
		wreg, status,2, status,0, pclath, cstack
 Tracked objects:
		On entry : 
		On exit  : 
		Unchanged: 
 Data sizes:     COMMON   BANK0   BANK1   BANK3   BANK2
      Params:         1       0       0       0       0
      Locals:         1       0       0       0       0
      Temps:          0       0       0       0       0
      Totals:         2       0       0       0       0
Total ram usage:        2 bytes
 Hardware stack levels used:    1
 Hardware stack levels required when called:    2
 This function calls:
		_lcd_cmd
 This function is called by:
		_main
 This function uses a non-reentrant model


 *************** function _lcd_clr *****************
 Defined at:
		line 38 in file "LCD_Init.c"
 Parameters:    Size  Location     Type
		None
 Auto vars:     Size  Location     Type
		None
 Return value:  Size  Location     Type
                  1    wreg      void 
 Registers used:
		wreg, status,2, status,0, pclath, cstack
 Tracked objects:
		On entry : 
		On exit  : 
		Unchanged: 
 Data sizes:     COMMON   BANK0   BANK1   BANK3   BANK2
      Params:         0       0       0       0       0
      Locals:         0       0       0       0       0
      Temps:          0       0       0       0       0
      Totals:         0       0       0       0       0
Total ram usage:        0 bytes
 Hardware stack levels used:    1
 Hardware stack levels required when called:    2
 This function calls:
		_lcd_cmd
 This function is called by:
		_main
 This function uses a non-reentrant model


 *************** function _initLCD *****************
 Defined at:
		line 9 in file "LCD_Init.c"
 Parameters:    Size  Location     Type
		None
 Auto vars:     Size  Location     Type
		None
 Return value:  Size  Location     Type
                  1    wreg      void 
 Registers used:
		wreg, status,2, status,0, pclath, cstack
 Tracked objects:
		On entry : 
		On exit  : 
		Unchanged: 
 Data sizes:     COMMON   BANK0   BANK1   BANK3   BANK2
      Params:         0       0       0       0       0
      Locals:         0       0       0       0       0
      Temps:          2       0       0       0       0
      Totals:         2       0       0       0       0
Total ram usage:        2 bytes
 Hardware stack levels used:    1
 Hardware stack levels required when called:    2
 This function calls:
		_lcd_cmd
 This function is called by:
		_main
 This function uses a non-reentrant model


 *************** function _lcd_cmd *****************
 Defined at:
		line 30 in file "LCD_Init.c"
 Parameters:    Size  Location     Type
  command         1    wreg     unsigned char 
 Auto vars:     Size  Location     Type
  command         1    4[COMMON] unsigned char 
 Return value:  Size  Location     Type
                  1    wreg      void 
 Registers used:
		wreg
 Tracked objects:
		On entry : 
		On exit  : 
		Unchanged: 
 Data sizes:     COMMON   BANK0   BANK1   BANK3   BANK2
      Params:         0       0       0       0       0
      Locals:         1       0       0       0       0
      Temps:          2       0       0       0       0
      Totals:         3       0       0       0       0
Total ram usage:        3 bytes
 Hardware stack levels used:    1
 Hardware stack levels required when called:    1
 This function calls:
		Nothing
 This function is called by:
		_initLCD
		_lcd_clr
		_lcd_set_cursor
 This function uses a non-reentrant model


 *************** function _initADC *****************
 Defined at:
		line 5 in file "ADC_Init.c"
 Parameters:    Size  Location     Type
  analog          1    wreg     unsigned char 
 Auto vars:     Size  Location     Type
  analog          1    4[COMMON] unsigned char 
 Return value:  Size  Location     Type
                  1    wreg      void 
 Registers used:
		wreg, fsr0l, fsr0h, status,2, status,0
 Tracked objects:
		On entry : 
		On exit  : 
		Unchanged: 
 Data sizes:     COMMON   BANK0   BANK1   BANK3   BANK2
      Params:         0       0       0       0       0
      Locals:         1       0       0       0       0
      Temps:          2       0       0       0       0
      Totals:         3       0       0       0       0
Total ram usage:        3 bytes
 Hardware stack levels used:    1
 Hardware stack levels required when called:    1
 This function calls:
		Nothing
 This function is called by:
		_main
 This function uses a non-reentrant model


 *************** function _ISR *****************
 Defined at:
		line 34 in file "LCD.c"
 Parameters:    Size  Location     Type
		None
 Auto vars:     Size  Location     Type
		None
 Return value:  Size  Location     Type
                  1    wreg      void 
 Registers used:
		None
 Tracked objects:
		On entry : 
		On exit  : 
		Unchanged: 
 Data sizes:     COMMON   BANK0   BANK1   BANK3   BANK2
      Params:         0       0       0       0       0
      Locals:         0       0       0       0       0
      Temps:          2       0       0       0       0
      Totals:         2       0       0       0       0
Total ram usage:        2 bytes
 Hardware stack levels used:    1
 This function calls:
		Nothing
 This function is called by:
		Interrupt level 1
 This function uses a non-reentrant model



MODULE INFORMATION

Module		Function		Class		Link	Load	Size
C:\Program Files (x86)\Microchip\xc8\v2.10\pic\sources\c90\common\fleq.c
		___fleq        		CODE           	1D07	0000	81

C:\Program Files (x86)\Microchip\xc8\v2.10\pic\sources\c90\common\fleq.c estimated size: 81

C:\Program Files (x86)\Microchip\xc8\v2.10\pic\sources\c90\common\lwdiv.c
		___lwdiv       		CODE           	1C72	0000	71

C:\Program Files (x86)\Microchip\xc8\v2.10\pic\sources\c90\common\lwdiv.c estimated size: 71

C:\Program Files (x86)\Microchip\xc8\v2.10\pic\sources\c90\common\awdiv.c
		___awdiv       		CODE           	0808	0000	106

C:\Program Files (x86)\Microchip\xc8\v2.10\pic\sources\c90\common\awdiv.c estimated size: 106

C:\Program Files (x86)\Microchip\xc8\v2.10\pic\sources\c90\common\fltol.c
		___fltol       		CODE           	10B8	0000	125

C:\Program Files (x86)\Microchip\xc8\v2.10\pic\sources\c90\common\fltol.c estimated size: 125

C:\Program Files (x86)\Microchip\xc8\v2.10\pic\sources\c90\common\ftdivl.c
		__tdiv_to_l_   		CODE           	11F0	0000	190

C:\Program Files (x86)\Microchip\xc8\v2.10\pic\sources\c90\common\ftdivl.c estimated size: 190

C:\Program Files (x86)\Microchip\xc8\v2.10\pic\sources\c90\common\Umul16.c
		___wmul        		CODE           	1B7E	0000	38

C:\Program Files (x86)\Microchip\xc8\v2.10\pic\sources\c90\common\Umul16.c estimated size: 38

C:\Program Files (x86)\Microchip\xc8\v2.10\pic\sources\c90\common\fldivl.c
		__div_to_l_    		CODE           	12AD	0000	191

C:\Program Files (x86)\Microchip\xc8\v2.10\pic\sources\c90\common\fldivl.c estimated size: 191

C:\Program Files (x86)\Microchip\xc8\v2.10\pic\sources\c90\common\sprcmul.c
		___flmul       		CODE           	093C	0000	866

C:\Program Files (x86)\Microchip\xc8\v2.10\pic\sources\c90\common\sprcmul.c estimated size: 866

C:\Program Files (x86)\Microchip\xc8\v2.10\pic\sources\c90\common\Umul8_16.c
		__Umul8_16     		CODE           	1BA3	0000	40

C:\Program Files (x86)\Microchip\xc8\v2.10\pic\sources\c90\common\Umul8_16.c estimated size: 40

C:\Program Files (x86)\Microchip\xc8\v2.10\pic\sources\c90\common\__lldiv.c
		___lldiv       		CODE           	1E56	0000	105

C:\Program Files (x86)\Microchip\xc8\v2.10\pic\sources\c90\common\__lldiv.c estimated size: 105

C:\Program Files (x86)\Microchip\xc8\v2.10\pic\sources\c90\common\flneg.c
		___flneg       		CODE           	1B06	0000	12

C:\Program Files (x86)\Microchip\xc8\v2.10\pic\sources\c90\common\flneg.c estimated size: 12

C:\Program Files (x86)\Microchip\xc8\v2.10\pic\sources\c90\common\flge.c
		___flge        		CODE           	1F5C	0000	165

C:\Program Files (x86)\Microchip\xc8\v2.10\pic\sources\c90\common\flge.c estimated size: 165

C:\Program Files (x86)\Microchip\xc8\v2.10\pic\sources\c90\common\xxtofl.c
		___xxtofl      		CODE           	1134	0000	189

C:\Program Files (x86)\Microchip\xc8\v2.10\pic\sources\c90\common\xxtofl.c estimated size: 189

shared
		__stringtab    		STRING         	1000	0000	17
		__powers_      		STRING         	1010	0000	53
		_dpowers       		STRING         	1078	0000	41
		__npowers_     		STRING         	1044	0000	53
		__initialization		CODE           	000F	0000	14

shared estimated size: 178

ADC_Init.c
		_initADC       		CODE           	1EBE	0000	159

ADC_Init.c estimated size: 159

C:\Program Files (x86)\Microchip\xc8\v2.10\pic\sources\c90\common\lwmod.c
		___lwmod       		CODE           	1BF2	0000	59

C:\Program Files (x86)\Microchip\xc8\v2.10\pic\sources\c90\common\lwmod.c estimated size: 59

C:\Program Files (x86)\Microchip\xc8\v2.10\pic\sources\c90\common\awmod.c
		___awmod       		CODE           	1DFD	0000	90

C:\Program Files (x86)\Microchip\xc8\v2.10\pic\sources\c90\common\awmod.c estimated size: 90

C:\Program Files (x86)\Microchip\xc8\v2.10\pic\sources\c90\common\isdigit.c
		_isdigit       		CODE           	1B11	0000	19

C:\Program Files (x86)\Microchip\xc8\v2.10\pic\sources\c90\common\isdigit.c estimated size: 19

C:\Program Files (x86)\Microchip\xc8\v2.10\pic\sources\c90\common\llmod.c
		___llmod       		CODE           	1DA7	0000	87

C:\Program Files (x86)\Microchip\xc8\v2.10\pic\sources\c90\common\llmod.c estimated size: 87

C:\Program Files (x86)\Microchip\xc8\v2.10\pic\sources\c90\common\sprcadd.c
		___flsub       		CODE           	1D57	0000	81
		___fladd       		CODE           	1578	0000	649

C:\Program Files (x86)\Microchip\xc8\v2.10\pic\sources\c90\common\sprcadd.c estimated size: 730

LCD_Init.c
		_lcd_write_char		CODE           	1B37	0000	21
		_lcd_cmd       		CODE           	1B23	0000	21
		_lcd_write_float		CODE           	07CA	0000	47
		_lcd_clr       		CODE           	07F8	0000	8
		_lcd_set_cursor		CODE           	1B63	0000	28
		_lcd_write_string		CODE           	1C2C	0000	71
		_lcd_write_int 		CODE           	1BCA	0000	41
		_initLCD       		CODE           	1CB8	0000	80

LCD_Init.c estimated size: 317

C:\Program Files (x86)\Microchip\xc8\v2.10\pic\sources\c90\common\doprnt.c
		_scale         		CODE           	0C9D	0000	868
		_sprintf       		CODE           	0020	0000	1963
		_fround        		CODE           	136B	0000	526

C:\Program Files (x86)\Microchip\xc8\v2.10\pic\sources\c90\common\doprnt.c estimated size: 3357

LCD.c
		_ISR           		CODE           	1B4B	0000	25
		_main          		CODE           	0871	0000	204

LCD.c estimated size: 229

