Microchip MPLAB XC8 Compiler V2.10 ()

Linker command line:

-W-3 --edf=C:\Program Files (x86)\Microchip\xc8\v2.10\pic\dat\en_msgs.txt \
  -cs -h+dist/default/production\Laboratorio_3.X.production.sym \
  --cmf=dist/default/production\Laboratorio_3.X.production.cmf -z -Q16F887 \
  -oC:\Users\jorge\AppData\Local\Temp\sddg.2 --defsym=__MPLAB_BUILD=1 \
  -Mdist/default/production/Laboratorio_3.X.production.map -E1 -ver=XC8 \
  --acfsm=1493 -ASTACK=0110h-016Fh -pstack=STACK -ACODE=00h-07FFhx4 \
  -ASTRCODE=00h-01FFFh -ASTRING=00h-0FFhx32 -ACONST=00h-0FFhx32 \
  -AENTRY=00h-0FFhx32 -ACOMMON=070h-07Fh -ABANK0=020h-06Fh \
  -ABANK1=0A0h-0EFh -ABANK2=0110h-016Fh -ABANK3=0190h-01EFh \
  -ARAM=020h-06Fh,0A0h-0EFh,0110h-016Fh,0190h-01EFh \
  -AABS1=020h-07Fh,0A0h-0EFh,0110h-016Fh,0190h-01EFh -ASFR0=00h-01Fh \
  -ASFR1=080h-09Fh -ASFR2=0100h-010Fh -ASFR3=0180h-018Fh \
  -preset_vec=00h,intentry=04h,init,end_init -ppowerup=CODE -pcinit=CODE \
  -pfunctab=ENTRY -ACONFIG=02007h-02008h -pconfig=CONFIG -DCONFIG=2 \
  -AIDLOC=02000h-02003h -pidloc=IDLOC -DIDLOC=2 -AEEDATA=00h-0FFh/02100h \
  -peeprom_data=EEDATA -DEEDATA=2 -DCODE=2 -DSTRCODE=2 -DSTRING=2 -DCONST=2 \
  -DENTRY=2 -k C:\Users\jorge\AppData\Local\Temp\sddg.o \
  dist/default/production\Laboratorio_3.X.production.o 

Object code version is 3.11

Machine type is 16F887



                Name                               Link     Load   Length Selector   Space Scale
C:\Users\jorge\AppData\Local\Temp\sddg.o
                end_init                              C        C        3        8       0
                reset_vec                             0        0        3        0       0
                config                             2007     2007        2     400E       0
dist/default/production\Laboratorio_3.X.production.o
                cinit                                 F        F       14        8       0
                intentry                              4        4        8        8       0
                text19                              88A      88A       14     1114       0
                text18                              B9B      B9B      1DD     1736       0
                text17                              905      905       27     120A       0
                text16                               23       23      361        8       0
                text15                              D78      D78      288     1AF0       0
                text14                              8E1      8E1       24     11C2       0
                text13                              764      764       7C        8       0
                text12                              ADF      ADF       BC     15BE       0
                text11                              A41      A41       9E     1482       0
                text10                              89E      89E       14     113C       0
                text9                               9F2      9F2       4F     13E4       0
                text8                               87B      87B        7     10F6       0
                text7                               8C6      8C6       1B     118C       0
                text6                               8B2      8B2       14     1164       0
                text5                               9AC      9AC       46     1358       0
                text4                               968      968       44     12D0       0
                text3                               92C      92C       3C     1258       0
                text2                               67A      67A       EA        8       0
                text1                               7E0      7E0       1E        8       0
                maintext                            384      384      2F6        8       0
                cstackBANK0                          20       20       4C       20       1
                cstackCOMMON                         70       70        B       70       1
                clrtext                             882      882        8     1104       0
                bssBANK1                             A0       A0       10       A0       1
                bssBANK0                             6C       6C        4       20       1
                bssCOMMON                            7B       7B        1       70       1
                strings                             800      800       2F     1000       0

TOTAL           Name                               Link     Load   Length     Space
        CLASS   STACK          

        CLASS   CODE           
                end_init                              C        C        3         0
                cinit                                 F        F       14         0
                intentry                              4        4        8         0
                reset_vec                             0        0        3         0
                text19                              88A      88A       14         0
                text18                              B9B      B9B      1DD         0
                text17                              905      905       27         0
                text16                               23       23      361         0
                text15                              D78      D78      288         0
                text14                              8E1      8E1       24         0
                text13                              764      764       7C         0
                text12                              ADF      ADF       BC         0
                text11                              A41      A41       9E         0
                text10                              89E      89E       14         0
                text9                               9F2      9F2       4F         0
                text8                               87B      87B        7         0
                text7                               8C6      8C6       1B         0
                text6                               8B2      8B2       14         0
                text5                               9AC      9AC       46         0
                text4                               968      968       44         0
                text3                               92C      92C       3C         0
                text2                               67A      67A       EA         0
                text1                               7E0      7E0       1E         0
                maintext                            384      384      2F6         0
                clrtext                             882      882        8         0

        CLASS   STRCODE        

        CLASS   STRING         
                strings                             800      800       2F         0

        CLASS   CONST          

        CLASS   ENTRY          

        CLASS   COMMON         
                cstackCOMMON                         70       70        B         1
                bssCOMMON                            7B       7B        1         1

        CLASS   BANK0          
                cstackBANK0                          20       20       4C         1
                bssBANK0                             6C       6C        4         1

        CLASS   BANK1          
                bssBANK1                             A0       A0       10         1

        CLASS   BANK2          

        CLASS   BANK3          

        CLASS   RAM            

        CLASS   ABS1           
                abs_s1                               7E       7E        2         1

        CLASS   SFR0           

        CLASS   SFR1           

        CLASS   SFR2           

        CLASS   SFR3           

        CLASS   CONFIG         
                config                             2007     2007        2         0

        CLASS   IDLOC          

        CLASS   EEDATA         



SEGMENTS        Name                           Load    Length   Top    Selector   Space  Class     Delta

                reset_vec                      000000  000003  000003         0       0  CODE        2
                intentry                       000004  0007FA  0007FE         8       0  CODE        2
                cstackBANK0                    000020  000050  000070        20       1  BANK0       1
                cstackCOMMON                   000070  00000C  00007C        70       1  COMMON      1
                bssBANK1                       0000A0  000010  0000B0        A0       1  BANK1       1
                strings                        000800  00002F  00082F      1000       0  STRING      2
                text8                          00087B  000007  000882      10F6       0  CODE        2
                clrtext                        000882  000008  00088A      1104       0  CODE        2
                text19                         00088A  000014  00089E      1114       0  CODE        2
                text10                         00089E  000014  0008B2      113C       0  CODE        2
                text6                          0008B2  000014  0008C6      1164       0  CODE        2
                text7                          0008C6  00001B  0008E1      118C       0  CODE        2
                text14                         0008E1  000024  000905      11C2       0  CODE        2
                text17                         000905  000027  00092C      120A       0  CODE        2
                text3                          00092C  00003C  000968      1258       0  CODE        2
                text4                          000968  000044  0009AC      12D0       0  CODE        2
                text5                          0009AC  000046  0009F2      1358       0  CODE        2
                text9                          0009F2  00004F  000A41      13E4       0  CODE        2
                text11                         000A41  00009E  000ADF      1482       0  CODE        2
                text12                         000ADF  0000BC  000B9B      15BE       0  CODE        2
                text18                         000B9B  0001DD  000D78      1736       0  CODE        2
                text15                         000D78  000288  001000      1AF0       0  CODE        2
                config                         002007  000002  002009      400E       0  CONFIG      2


UNUSED ADDRESS RANGES

        Name                Unused          Largest block    Delta
        BANK1            00B0-00EF             40           1
        BANK2            0110-016F             60           1
        BANK3            0190-01EF             60           1
        CODE             0003-0003              1           2
                         07FE-07FF              2
                         082F-087A             4C
                         1000-1FFF            800
        COMMON           007C-007D              2           1
        CONST            0003-0003              1           2
                         07FE-07FF              2
                         082F-087A             4C
                         1000-1FFF            100
        EEDATA           2100-21FF            100           2
        ENTRY            0003-0003              1           2
                         07FE-07FF              2
                         082F-087A             4C
                         1000-1FFF            100
        IDLOC            2000-2003              4           2
        RAM              00B0-00EF             40           1
                         0110-016F             60
                         0190-01EF             60
        SFR0             0000-001F             20           1
        SFR1             0080-009F             20           1
        SFR2             0100-010F             10           1
        SFR3             0180-018F             10           1
        STACK            0110-016F             60           1
        STRCODE          0003-0003              1           2
                         07FE-07FF              2
                         082F-087A             4C
                         1000-1FFF           1000
        STRING           0003-0003              1           2
                         07FE-07FF              2
                         082F-087A             4C
                         1000-1FFF            100

                                  Symbol Table

?__Umul8_16                cstackCOMMON 0072
?___fladd                  cstackCOMMON 0072
?___fldiv                  cstackBANK0  004E
?___flmul                  cstackBANK0  0034
?___flsub                  cstackBANK0  002C
?___fltol                  cstackCOMMON 0072
?___lwdiv                  cstackCOMMON 0072
?___lwmod                  cstackBANK0  0020
?___xxtofl                 cstackCOMMON 0072
?_sprintf                  cstackBANK0  0025
_ADCON0bits                (abs)        001F
_ADCON1                    (abs)        009F
_ADRESH                    (abs)        001E
_ANSEL                     (abs)        0188
_INTCONbits                (abs)        000B
_ISR                       text19       088A
_PIE1bits                  (abs)        008C
_PIR1bits                  (abs)        000C
_PORTA                     (abs)        0005
_PORTB                     (abs)        0006
_PORTBbits                 (abs)        0006
_PORTC                     (abs)        0007
_PORTD                     (abs)        0008
_TRISA                     (abs)        0085
_TRISB                     (abs)        0086
_TRISC                     (abs)        0087
_TRISD                     (abs)        0088
__CFG_BOR4V$BOR40V         (abs)        0000
__CFG_BOREN$OFF            (abs)        0000
__CFG_CP$OFF               (abs)        0000
__CFG_CPD$OFF              (abs)        0000
__CFG_FCMEN$OFF            (abs)        0000
__CFG_FOSC$INTRC_NOCLKOUT  (abs)        0000
__CFG_IESO$OFF             (abs)        0000
__CFG_LVP$OFF              (abs)        0000
__CFG_MCLRE$OFF            (abs)        0000
__CFG_PWRTE$OFF            (abs)        0000
__CFG_WDTE$OFF             (abs)        0000
__CFG_WRT$OFF              (abs)        0000
__Habs1                    abs1         0000
__Hbank0                   bank0        0000
__Hbank1                   bank1        0000
__Hbank2                   bank2        0000
__Hbank3                   bank3        0000
__HbssBANK0                bssBANK0     0000
__HbssBANK1                bssBANK1     0000
__HbssCOMMON               bssCOMMON    0000
__Hcinit                   cinit        0023
__Hclrtext                 clrtext      0000
__Hcode                    code         0000
__Hcommon                  common       0000
__Hconfig                  config       2009
__HcstackBANK0             cstackBANK0  0000
__HcstackCOMMON            cstackCOMMON 0000
__Heeprom_data             eeprom_data  0000
__Hend_init                end_init     000F
__Hfunctab                 functab      0000
__Hidloc                   idloc        0000
__Hinit                    init         000C
__Hintentry                intentry     000C
__Hmaintext                maintext     0000
__Hpowerup                 powerup      0000
__Hram                     ram          0000
__Hreset_vec               reset_vec    0003
__Hsfr0                    sfr0         0000
__Hsfr1                    sfr1         0000
__Hsfr2                    sfr2         0000
__Hsfr3                    sfr3         0000
__Hspace_0                 (abs)        2009
__Hspace_1                 (abs)        00B0
__Hspace_2                 (abs)        0000
__Hspace_3                 (abs)        0000
__Hstack                   stack        0000
__Hstrings                 strings      0000
__Htext                    text         0000
__Labs1                    abs1         0000
__Lbank0                   bank0        0000
__Lbank1                   bank1        0000
__Lbank2                   bank2        0000
__Lbank3                   bank3        0000
__LbssBANK0                bssBANK0     0000
__LbssBANK1                bssBANK1     0000
__LbssCOMMON               bssCOMMON    0000
__Lcinit                   cinit        000F
__Lclrtext                 clrtext      0000
__Lcode                    code         0000
__Lcommon                  common       0000
__Lconfig                  config       2007
__LcstackBANK0             cstackBANK0  0000
__LcstackCOMMON            cstackCOMMON 0000
__Leeprom_data             eeprom_data  0000
__Lend_init                end_init     000C
__Lfunctab                 functab      0000
__Lidloc                   idloc        0000
__Linit                    init         000C
__Lintentry                intentry     0004
__Lmaintext                maintext     0000
__Lpowerup                 powerup      0000
__Lram                     ram          0000
__Lreset_vec               reset_vec    0000
__Lsfr0                    sfr0         0000
__Lsfr1                    sfr1         0000
__Lsfr2                    sfr2         0000
__Lsfr3                    sfr3         0000
__Lspace_0                 (abs)        0000
__Lspace_1                 (abs)        0000
__Lspace_2                 (abs)        0000
__Lspace_3                 (abs)        0000
__Lstack                   stack        0000
__Lstrings                 strings      0000
__Ltext                    text         0000
__S0                       (abs)        2009
__S1                       (abs)        00B0
__S2                       (abs)        0000
__S3                       (abs)        0000
__Umul8_16                 text17       0905
__Umul8_16@multiplicand    cstackCOMMON 0072
__Umul8_16@multiplier      cstackCOMMON 007A
__Umul8_16@product         cstackCOMMON 0076
__Umul8_16@word_mpld       cstackCOMMON 0078
___fladd                   text15       0D78
___fladd@a                 cstackCOMMON 0076
___fladd@aexp              cstackBANK0  0029
___fladd@b                 cstackCOMMON 0072
___fladd@bexp              cstackBANK0  002A
___fladd@grs               cstackBANK0  002B
___fladd@signs             cstackBANK0  0028
___fldiv                   text18       0B9B
___fldiv@a                 cstackBANK0  004E
___fldiv@aexp              cstackBANK0  0067
___fldiv@b                 cstackBANK0  0052
___fldiv@bexp              cstackBANK0  0066
___fldiv@grs               cstackBANK0  0062
___fldiv@new_exp           cstackBANK0  0060
___fldiv@rem               cstackBANK0  005B
___fldiv@sign              cstackBANK0  005F
___flmul                   text16       0023
___flmul@a                 cstackBANK0  0038
___flmul@aexp              cstackBANK0  0046
___flmul@b                 cstackBANK0  0034
___flmul@bexp              cstackBANK0  0047
___flmul@grs               cstackBANK0  0042
___flmul@prod              cstackBANK0  0048
___flmul@sign              cstackBANK0  0041
___flmul@temp              cstackBANK0  004C
___flsub                   text14       08E1
___flsub@a                 cstackBANK0  002C
___flsub@b                 cstackBANK0  0030
___fltol                   text13       0764
___fltol@exp1              cstackBANK0  0021
___fltol@f1                cstackCOMMON 0072
___fltol@sign1             cstackBANK0  0020
___int_sp                  stack        0000
___latbits                 (abs)        0002
___lwdiv                   text4        0968
___lwdiv@counter           cstackCOMMON 0079
___lwdiv@dividend          cstackCOMMON 0074
___lwdiv@divisor           cstackCOMMON 0072
___lwdiv@quotient          cstackCOMMON 0077
___lwmod                   text3        092C
___lwmod@counter           cstackBANK0  0024
___lwmod@dividend          cstackBANK0  0022
___lwmod@divisor           cstackBANK0  0020
___sp                      stack        0000
___stackhi                 (abs)        0000
___stacklo                 (abs)        0000
___xxtofl                  text12       0ADF
___xxtofl@arg              cstackBANK0  0022
___xxtofl@exp              cstackBANK0  0021
___xxtofl@sign             cstackBANK0  0020
___xxtofl@val              cstackCOMMON 0072
__end_of_ISR               text19       089E
__end_of__Umul8_16         text17       092C
__end_of___fladd           text15       1000
__end_of___fldiv           text18       0D78
__end_of___flmul           text16       0384
__end_of___flsub           text14       0905
__end_of___fltol           text13       07E0
__end_of___lwdiv           text4        09AC
__end_of___lwmod           text3        0968
__end_of___xxtofl          text12       0B9B
__end_of__initialization   cinit        001F
__end_of__stringtab        strings      0810
__end_of_dpowers           strings      081A
__end_of_initADC           text11       0ADF
__end_of_initLCD           text9        0A41
__end_of_lcd_clr           text8        0882
__end_of_lcd_cmd           text10       08B2
__end_of_lcd_set_cursor    text7        08E1
__end_of_lcd_write_char    text6        08C6
__end_of_lcd_write_int     text1        07FE
__end_of_lcd_write_string  text5        09F2
__end_of_main              maintext     067A
__end_of_sprintf           text2        0764
__initialization           cinit        000F
__pbssBANK0                bssBANK0     006C
__pbssBANK1                bssBANK1     00A0
__pbssCOMMON               bssCOMMON    007B
__pcstackBANK0             cstackBANK0  0020
__pcstackCOMMON            cstackCOMMON 0070
__pintentry                intentry     0004
__pmaintext                maintext     0384
__pstrings                 strings      0800
__ptext1                   text1        07E0
__ptext10                  text10       089E
__ptext11                  text11       0A41
__ptext12                  text12       0ADF
__ptext13                  text13       0764
__ptext14                  text14       08E1
__ptext15                  text15       0D78
__ptext16                  text16       0023
__ptext17                  text17       0905
__ptext18                  text18       0B9B
__ptext19                  text19       088A
__ptext2                   text2        067A
__ptext3                   text3        092C
__ptext4                   text4        0968
__ptext5                   text5        09AC
__ptext6                   text6        08B2
__ptext7                   text7        08C6
__ptext8                   text8        087B
__ptext9                   text9        09F2
__size_of_ISR              (abs)        0000
__size_of__Umul8_16        (abs)        0000
__size_of___fladd          (abs)        0000
__size_of___fldiv          (abs)        0000
__size_of___flmul          (abs)        0000
__size_of___flsub          (abs)        0000
__size_of___fltol          (abs)        0000
__size_of___lwdiv          (abs)        0000
__size_of___lwmod          (abs)        0000
__size_of___xxtofl         (abs)        0000
__size_of_initADC          (abs)        0000
__size_of_initLCD          (abs)        0000
__size_of_lcd_clr          (abs)        0000
__size_of_lcd_cmd          (abs)        0000
__size_of_lcd_set_cursor   (abs)        0000
__size_of_lcd_write_char   (abs)        0000
__size_of_lcd_write_int    (abs)        0000
__size_of_lcd_write_string (abs)        0000
__size_of_main             (abs)        0000
__size_of_sprintf          (abs)        0000
__stringbase               strings      080F
__stringtab                strings      0800
_adc1                      bssBANK1     00AC
_adc2                      bssBANK1     00A8
_decimal1                  bssBANK1     00A4
_decimal2                  bssBANK1     00A0
_decimale1                 bssBANK0     006C
_decimale2                 bssCOMMON    007B
_dpowers                   strings      0810
_entero1                   bssBANK0     006E
_entero2                   bssBANK0     006D
_initADC                   text11       0A41
_initLCD                   text9        09F2
_lcd_clr                   text8        087B
_lcd_cmd                   text10       089E
_lcd_set_cursor            text7        08C6
_lcd_write_char            text6        08B2
_lcd_write_int             text1        07E0
_lcd_write_string          text5        09AC
_main                      maintext     0384
_ready                     bssBANK0     006F
_sprintf                   text2        067A
btemp                      (abs)        007E
clear_ram0                 clrtext      0882
end_of_initialization      cinit        001F
initADC@analog             cstackCOMMON 0074
interrupt_function         intentry     0004
intlevel0                  functab      0000
intlevel1                  functab      0000
intlevel2                  functab      0000
intlevel3                  functab      0000
intlevel4                  functab      0000
intlevel5                  functab      0000
lcd_cmd@command            cstackCOMMON 0074
lcd_set_cursor@posx        cstackCOMMON 0076
lcd_set_cursor@posy        cstackCOMMON 0075
lcd_write_char@var         cstackCOMMON 0074
lcd_write_int@buffer       cstackBANK0  0035
lcd_write_int@numero       cstackBANK0  0039
lcd_write_string@i         cstackBANK0  0020
lcd_write_string@var       cstackCOMMON 0075
reset_vec                  reset_vec    0000
saved_w                    (abs)        007E
sprintf@ap                 cstackBANK0  002B
sprintf@c                  cstackBANK0  0031
sprintf@f                  cstackBANK0  0025
sprintf@flag               cstackBANK0  002C
sprintf@prec               cstackBANK0  002D
sprintf@sp                 cstackBANK0  0030
sprintf@val                cstackBANK0  002E
start                      init         000C
start_initialization       cinit        000F
wtemp0                     (abs)        007E


FUNCTION INFORMATION:

 *************** function _main *****************
 Defined at:
		line 47 in file "LCD.c"
 Parameters:    Size  Location     Type
		None
 Auto vars:     Size  Location     Type
		None
 Return value:  Size  Location     Type
                  1    wreg      void 
 Registers used:
		wreg, fsr0l, fsr0h, status,2, status,0, btemp+1, pclath, cstack
 Tracked objects:
		On entry : 
		On exit  : 
		Unchanged: 
 Data sizes:     COMMON   BANK0   BANK1   BANK3   BANK2
      Params:         0       0       0       0       0
      Locals:         0       0       0       0       0
      Temps:          0       4       0       0       0
      Totals:         0       4       0       0       0
Total ram usage:        4 bytes
 Hardware stack levels required when called:    4
 This function calls:
		___fldiv
		___flmul
		___flsub
		___fltol
		___xxtofl
		_initADC
		_initLCD
		_lcd_clr
		_lcd_set_cursor
		_lcd_write_char
		_lcd_write_int
		_lcd_write_string
 This function is called by:
		Startup code after reset
 This function uses a non-reentrant model


 *************** function _lcd_write_int *****************
 Defined at:
		line 65 in file "LCD_Init.c"
 Parameters:    Size  Location     Type
  numero          1    wreg     unsigned char 
 Auto vars:     Size  Location     Type
  numero          1   25[BANK0 ] unsigned char 
  buffer          4   21[BANK0 ] unsigned char [4]
 Return value:  Size  Location     Type
                  1    wreg      void 
 Registers used:
		wreg, fsr0l, fsr0h, status,2, status,0, btemp+1, pclath, cstack
 Tracked objects:
		On entry : 
		On exit  : 
		Unchanged: 
 Data sizes:     COMMON   BANK0   BANK1   BANK3   BANK2
      Params:         0       0       0       0       0
      Locals:         0       5       0       0       0
      Temps:          0       3       0       0       0
      Totals:         0       8       0       0       0
Total ram usage:        8 bytes
 Hardware stack levels used:    1
 Hardware stack levels required when called:    3
 This function calls:
		_lcd_write_string
		_sprintf
 This function is called by:
		_main
 This function uses a non-reentrant model


 *************** function _sprintf *****************
 Defined at:
		line 505 in file "C:\Program Files (x86)\Microchip\xc8\v2.10\pic\sources\c90\common\doprnt.c"
 Parameters:    Size  Location     Type
  sp              1    wreg     PTR unsigned char 
		 -> lcd_write_int@buffer(4), 
  f               1    5[BANK0 ] PTR const unsigned char 
		 -> STR_6(3), 
 Auto vars:     Size  Location     Type
  sp              1   16[BANK0 ] PTR unsigned char 
		 -> lcd_write_int@buffer(4), 
  tmpval          4    0        struct .
  val             2   14[BANK0 ] unsigned int 
  cp              2    0        PTR const unsigned char 
  len             2    0        unsigned int 
  c               1   17[BANK0 ] unsigned char 
  prec            1   13[BANK0 ] char 
  flag            1   12[BANK0 ] unsigned char 
  ap              1   11[BANK0 ] PTR void [1]
		 -> ?_sprintf(2), 
 Return value:  Size  Location     Type
                  2    5[BANK0 ] int 
 Registers used:
		wreg, fsr0l, fsr0h, status,2, status,0, btemp+1, pclath, cstack
 Tracked objects:
		On entry : 
		On exit  : 
		Unchanged: 
 Data sizes:     COMMON   BANK0   BANK1   BANK3   BANK2
      Params:         0       3       0       0       0
      Locals:         0       7       0       0       0
      Temps:          0       3       0       0       0
      Totals:         0      13       0       0       0
Total ram usage:       13 bytes
 Hardware stack levels used:    1
 Hardware stack levels required when called:    2
 This function calls:
		___lwdiv
		___lwmod
 This function is called by:
		_lcd_write_int
 This function uses a non-reentrant model


 *************** function ___lwmod *****************
 Defined at:
		line 5 in file "C:\Program Files (x86)\Microchip\xc8\v2.10\pic\sources\c90\common\lwmod.c"
 Parameters:    Size  Location     Type
  divisor         2    0[BANK0 ] unsigned int 
  dividend        2    2[BANK0 ] unsigned int 
 Auto vars:     Size  Location     Type
  counter         1    4[BANK0 ] unsigned char 
 Return value:  Size  Location     Type
                  2    0[BANK0 ] unsigned int 
 Registers used:
		wreg, status,2, status,0
 Tracked objects:
		On entry : 
		On exit  : 
		Unchanged: 
 Data sizes:     COMMON   BANK0   BANK1   BANK3   BANK2
      Params:         0       4       0       0       0
      Locals:         0       1       0       0       0
      Temps:          1       0       0       0       0
      Totals:         1       5       0       0       0
Total ram usage:        6 bytes
 Hardware stack levels used:    1
 Hardware stack levels required when called:    1
 This function calls:
		Nothing
 This function is called by:
		_sprintf
 This function uses a non-reentrant model


 *************** function ___lwdiv *****************
 Defined at:
		line 5 in file "C:\Program Files (x86)\Microchip\xc8\v2.10\pic\sources\c90\common\lwdiv.c"
 Parameters:    Size  Location     Type
  divisor         2    2[COMMON] unsigned int 
  dividend        2    4[COMMON] unsigned int 
 Auto vars:     Size  Location     Type
  quotient        2    7[COMMON] unsigned int 
  counter         1    9[COMMON] unsigned char 
 Return value:  Size  Location     Type
                  2    2[COMMON] unsigned int 
 Registers used:
		wreg, status,2, status,0
 Tracked objects:
		On entry : 
		On exit  : 
		Unchanged: 
 Data sizes:     COMMON   BANK0   BANK1   BANK3   BANK2
      Params:         4       0       0       0       0
      Locals:         3       0       0       0       0
      Temps:          1       0       0       0       0
      Totals:         8       0       0       0       0
Total ram usage:        8 bytes
 Hardware stack levels used:    1
 Hardware stack levels required when called:    1
 This function calls:
		Nothing
 This function is called by:
		_sprintf
 This function uses a non-reentrant model


 *************** function _lcd_write_string *****************
 Defined at:
		line 59 in file "LCD_Init.c"
 Parameters:    Size  Location     Type
  var             2    5[COMMON] PTR unsigned char 
		 -> lcd_write_int@buffer(4), STR_5(2), STR_4(2), STR_3(4), 
		 -> STR_2(6), STR_1(6), 
 Auto vars:     Size  Location     Type
  i               2    0[BANK0 ] int 
 Return value:  Size  Location     Type
                  1    wreg      void 
 Registers used:
		wreg, fsr0l, fsr0h, status,2, status,0, btemp+1, pclath, cstack
 Tracked objects:
		On entry : 
		On exit  : 
		Unchanged: 
 Data sizes:     COMMON   BANK0   BANK1   BANK3   BANK2
      Params:         2       0       0       0       0
      Locals:         0       2       0       0       0
      Temps:          3       0       0       0       0
      Totals:         5       2       0       0       0
Total ram usage:        7 bytes
 Hardware stack levels used:    1
 Hardware stack levels required when called:    2
 This function calls:
		_lcd_write_char
 This function is called by:
		_main
		_lcd_write_int
 This function uses a non-reentrant model


 *************** function _lcd_write_char *****************
 Defined at:
		line 51 in file "LCD_Init.c"
 Parameters:    Size  Location     Type
  var             1    wreg     unsigned char 
 Auto vars:     Size  Location     Type
  var             1    4[COMMON] unsigned char 
 Return value:  Size  Location     Type
                  1    wreg      void 
 Registers used:
		wreg
 Tracked objects:
		On entry : 
		On exit  : 
		Unchanged: 
 Data sizes:     COMMON   BANK0   BANK1   BANK3   BANK2
      Params:         0       0       0       0       0
      Locals:         1       0       0       0       0
      Temps:          2       0       0       0       0
      Totals:         3       0       0       0       0
Total ram usage:        3 bytes
 Hardware stack levels used:    1
 Hardware stack levels required when called:    1
 This function calls:
		Nothing
 This function is called by:
		_main
		_lcd_write_string
 This function uses a non-reentrant model


 *************** function _lcd_set_cursor *****************
 Defined at:
		line 42 in file "LCD_Init.c"
 Parameters:    Size  Location     Type
  posx            1    wreg     unsigned char 
  posy            1    5[COMMON] unsigned char 
 Auto vars:     Size  Location     Type
  posx            1    6[COMMON] unsigned char 
 Return value:  Size  Location     Type
                  1    wreg      void 
 Registers used:
		wreg, status,2, status,0, pclath, cstack
 Tracked objects:
		On entry : 
		On exit  : 
		Unchanged: 
 Data sizes:     COMMON   BANK0   BANK1   BANK3   BANK2
      Params:         1       0       0       0       0
      Locals:         1       0       0       0       0
      Temps:          0       0       0       0       0
      Totals:         2       0       0       0       0
Total ram usage:        2 bytes
 Hardware stack levels used:    1
 Hardware stack levels required when called:    2
 This function calls:
		_lcd_cmd
 This function is called by:
		_main
 This function uses a non-reentrant model


 *************** function _lcd_clr *****************
 Defined at:
		line 38 in file "LCD_Init.c"
 Parameters:    Size  Location     Type
		None
 Auto vars:     Size  Location     Type
		None
 Return value:  Size  Location     Type
                  1    wreg      void 
 Registers used:
		wreg, status,2, status,0, pclath, cstack
 Tracked objects:
		On entry : 
		On exit  : 
		Unchanged: 
 Data sizes:     COMMON   BANK0   BANK1   BANK3   BANK2
      Params:         0       0       0       0       0
      Locals:         0       0       0       0       0
      Temps:          0       0       0       0       0
      Totals:         0       0       0       0       0
Total ram usage:        0 bytes
 Hardware stack levels used:    1
 Hardware stack levels required when called:    2
 This function calls:
		_lcd_cmd
 This function is called by:
		_main
 This function uses a non-reentrant model


 *************** function _initLCD *****************
 Defined at:
		line 9 in file "LCD_Init.c"
 Parameters:    Size  Location     Type
		None
 Auto vars:     Size  Location     Type
		None
 Return value:  Size  Location     Type
                  1    wreg      void 
 Registers used:
		wreg, status,2, status,0, pclath, cstack
 Tracked objects:
		On entry : 
		On exit  : 
		Unchanged: 
 Data sizes:     COMMON   BANK0   BANK1   BANK3   BANK2
      Params:         0       0       0       0       0
      Locals:         0       0       0       0       0
      Temps:          2       0       0       0       0
      Totals:         2       0       0       0       0
Total ram usage:        2 bytes
 Hardware stack levels used:    1
 Hardware stack levels required when called:    2
 This function calls:
		_lcd_cmd
 This function is called by:
		_main
 This function uses a non-reentrant model


 *************** function _lcd_cmd *****************
 Defined at:
		line 30 in file "LCD_Init.c"
 Parameters:    Size  Location     Type
  command         1    wreg     unsigned char 
 Auto vars:     Size  Location     Type
  command         1    4[COMMON] unsigned char 
 Return value:  Size  Location     Type
                  1    wreg      void 
 Registers used:
		wreg
 Tracked objects:
		On entry : 
		On exit  : 
		Unchanged: 
 Data sizes:     COMMON   BANK0   BANK1   BANK3   BANK2
      Params:         0       0       0       0       0
      Locals:         1       0       0       0       0
      Temps:          2       0       0       0       0
      Totals:         3       0       0       0       0
Total ram usage:        3 bytes
 Hardware stack levels used:    1
 Hardware stack levels required when called:    1
 This function calls:
		Nothing
 This function is called by:
		_initLCD
		_lcd_clr
		_lcd_set_cursor
 This function uses a non-reentrant model


 *************** function _initADC *****************
 Defined at:
		line 5 in file "ADC_Init.c"
 Parameters:    Size  Location     Type
  analog          1    wreg     unsigned char 
 Auto vars:     Size  Location     Type
  analog          1    4[COMMON] unsigned char 
 Return value:  Size  Location     Type
                  1    wreg      void 
 Registers used:
		wreg, fsr0l, fsr0h, status,2, status,0
 Tracked objects:
		On entry : 
		On exit  : 
		Unchanged: 
 Data sizes:     COMMON   BANK0   BANK1   BANK3   BANK2
      Params:         0       0       0       0       0
      Locals:         1       0       0       0       0
      Temps:          2       0       0       0       0
      Totals:         3       0       0       0       0
Total ram usage:        3 bytes
 Hardware stack levels used:    1
 Hardware stack levels required when called:    1
 This function calls:
		Nothing
 This function is called by:
		_main
 This function uses a non-reentrant model


 *************** function ___xxtofl *****************
 Defined at:
		line 10 in file "C:\Program Files (x86)\Microchip\xc8\v2.10\pic\sources\c90\common\xxtofl.c"
 Parameters:    Size  Location     Type
  sign            1    wreg     unsigned char 
  val             4    2[COMMON] long 
 Auto vars:     Size  Location     Type
  sign            1    0[BANK0 ] unsigned char 
  arg             4    2[BANK0 ] unsigned long 
  exp             1    1[BANK0 ] unsigned char 
 Return value:  Size  Location     Type
                  4    2[COMMON] unsigned char 
 Registers used:
		wreg, status,2, status,0
 Tracked objects:
		On entry : 
		On exit  : 
		Unchanged: 
 Data sizes:     COMMON   BANK0   BANK1   BANK3   BANK2
      Params:         4       0       0       0       0
      Locals:         0       6       0       0       0
      Temps:          4       0       0       0       0
      Totals:         8       6       0       0       0
Total ram usage:       14 bytes
 Hardware stack levels used:    1
 Hardware stack levels required when called:    1
 This function calls:
		Nothing
 This function is called by:
		_main
 This function uses a non-reentrant model


 *************** function ___fltol *****************
 Defined at:
		line 43 in file "C:\Program Files (x86)\Microchip\xc8\v2.10\pic\sources\c90\common\fltol.c"
 Parameters:    Size  Location     Type
  f1              4    2[COMMON] unsigned char 
 Auto vars:     Size  Location     Type
  exp1            1    1[BANK0 ] unsigned char 
  sign1           1    0[BANK0 ] unsigned char 
 Return value:  Size  Location     Type
                  4    2[COMMON] long 
 Registers used:
		wreg, status,2, status,0
 Tracked objects:
		On entry : 
		On exit  : 
		Unchanged: 
 Data sizes:     COMMON   BANK0   BANK1   BANK3   BANK2
      Params:         4       0       0       0       0
      Locals:         0       2       0       0       0
      Temps:          5       0       0       0       0
      Totals:         9       2       0       0       0
Total ram usage:       11 bytes
 Hardware stack levels used:    1
 Hardware stack levels required when called:    1
 This function calls:
		Nothing
 This function is called by:
		_main
 This function uses a non-reentrant model


 *************** function ___flsub *****************
 Defined at:
		line 242 in file "C:\Program Files (x86)\Microchip\xc8\v2.10\pic\sources\c90\common\sprcadd.c"
 Parameters:    Size  Location     Type
  a               4   12[BANK0 ] long 
  b               4   16[BANK0 ] long 
 Auto vars:     Size  Location     Type
		None
 Return value:  Size  Location     Type
                  4   12[BANK0 ] long 
 Registers used:
		wreg, status,2, status,0, btemp+1, pclath, cstack
 Tracked objects:
		On entry : 
		On exit  : 
		Unchanged: 
 Data sizes:     COMMON   BANK0   BANK1   BANK3   BANK2
      Params:         0       8       0       0       0
      Locals:         0       0       0       0       0
      Temps:          0       0       0       0       0
      Totals:         0       8       0       0       0
Total ram usage:        8 bytes
 Hardware stack levels used:    1
 Hardware stack levels required when called:    2
 This function calls:
		___fladd
 This function is called by:
		_main
 This function uses a non-reentrant model


 *************** function ___fladd *****************
 Defined at:
		line 10 in file "C:\Program Files (x86)\Microchip\xc8\v2.10\pic\sources\c90\common\sprcadd.c"
 Parameters:    Size  Location     Type
  b               4    2[COMMON] long 
  a               4    6[COMMON] long 
 Auto vars:     Size  Location     Type
  grs             1   11[BANK0 ] unsigned char 
  bexp            1   10[BANK0 ] unsigned char 
  aexp            1    9[BANK0 ] unsigned char 
  signs           1    8[BANK0 ] unsigned char 
 Return value:  Size  Location     Type
                  4    2[COMMON] unsigned char 
 Registers used:
		wreg, status,2, status,0, btemp+1
 Tracked objects:
		On entry : 
		On exit  : 
		Unchanged: 
 Data sizes:     COMMON   BANK0   BANK1   BANK3   BANK2
      Params:         8       0       0       0       0
      Locals:         0       4       0       0       0
      Temps:          0       8       0       0       0
      Totals:         8      12       0       0       0
Total ram usage:       20 bytes
 Hardware stack levels used:    1
 Hardware stack levels required when called:    1
 This function calls:
		Nothing
 This function is called by:
		___flsub
 This function uses a non-reentrant model


 *************** function ___flmul *****************
 Defined at:
		line 8 in file "C:\Program Files (x86)\Microchip\xc8\v2.10\pic\sources\c90\common\sprcmul.c"
 Parameters:    Size  Location     Type
  b               4   20[BANK0 ] unsigned char 
  a               4   24[BANK0 ] unsigned char 
 Auto vars:     Size  Location     Type
  prod            4   40[BANK0 ] struct .
  grs             4   34[BANK0 ] unsigned long 
  temp            2   44[BANK0 ] struct .
  bexp            1   39[BANK0 ] unsigned char 
  aexp            1   38[BANK0 ] unsigned char 
  sign            1   33[BANK0 ] unsigned char 
 Return value:  Size  Location     Type
                  4   20[BANK0 ] unsigned char 
 Registers used:
		wreg, status,2, status,0, btemp+1, pclath, cstack
 Tracked objects:
		On entry : 
		On exit  : 
		Unchanged: 
 Data sizes:     COMMON   BANK0   BANK1   BANK3   BANK2
      Params:         0       8       0       0       0
      Locals:         0      13       0       0       0
      Temps:          0       5       0       0       0
      Totals:         0      26       0       0       0
Total ram usage:       26 bytes
 Hardware stack levels used:    1
 Hardware stack levels required when called:    2
 This function calls:
		__Umul8_16
 This function is called by:
		_main
 This function uses a non-reentrant model


 *************** function __Umul8_16 *****************
 Defined at:
		line 4 in file "C:\Program Files (x86)\Microchip\xc8\v2.10\pic\sources\c90\common\Umul8_16.c"
 Parameters:    Size  Location     Type
  multiplier      1    wreg     unsigned char 
  multiplicand    1    2[COMMON] unsigned char 
 Auto vars:     Size  Location     Type
  multiplier      1   10[COMMON] unsigned char 
  word_mpld       2    8[COMMON] unsigned int 
  product         2    6[COMMON] unsigned int 
 Return value:  Size  Location     Type
                  2    2[COMMON] unsigned int 
 Registers used:
		wreg, status,2, status,0
 Tracked objects:
		On entry : 
		On exit  : 
		Unchanged: 
 Data sizes:     COMMON   BANK0   BANK1   BANK3   BANK2
      Params:         2       0       0       0       0
      Locals:         5       0       0       0       0
      Temps:          2       0       0       0       0
      Totals:         9       0       0       0       0
Total ram usage:        9 bytes
 Hardware stack levels used:    1
 Hardware stack levels required when called:    1
 This function calls:
		Nothing
 This function is called by:
		___flmul
 This function uses a non-reentrant model


 *************** function ___fldiv *****************
 Defined at:
		line 8 in file "C:\Program Files (x86)\Microchip\xc8\v2.10\pic\sources\c90\common\sprcdiv.c"
 Parameters:    Size  Location     Type
  a               4   46[BANK0 ] unsigned int 
  b               4   50[BANK0 ] unsigned int 
 Auto vars:     Size  Location     Type
  grs             4   66[BANK0 ] unsigned long 
  rem             4   59[BANK0 ] unsigned long 
  new_exp         2   64[BANK0 ] int 
  aexp            1   71[BANK0 ] unsigned char 
  bexp            1   70[BANK0 ] unsigned char 
  sign            1   63[BANK0 ] unsigned char 
 Return value:  Size  Location     Type
                  4   46[BANK0 ] unsigned char 
 Registers used:
		wreg, status,2, status,0, btemp+1
 Tracked objects:
		On entry : 
		On exit  : 
		Unchanged: 
 Data sizes:     COMMON   BANK0   BANK1   BANK3   BANK2
      Params:         0       8       0       0       0
      Locals:         0      13       0       0       0
      Temps:          0       5       0       0       0
      Totals:         0      26       0       0       0
Total ram usage:       26 bytes
 Hardware stack levels used:    1
 Hardware stack levels required when called:    1
 This function calls:
		Nothing
 This function is called by:
		_main
 This function uses a non-reentrant model


 *************** function _ISR *****************
 Defined at:
		line 34 in file "LCD.c"
 Parameters:    Size  Location     Type
		None
 Auto vars:     Size  Location     Type
		None
 Return value:  Size  Location     Type
                  1    wreg      void 
 Registers used:
		None
 Tracked objects:
		On entry : 
		On exit  : 
		Unchanged: 
 Data sizes:     COMMON   BANK0   BANK1   BANK3   BANK2
      Params:         0       0       0       0       0
      Locals:         0       0       0       0       0
      Temps:          2       0       0       0       0
      Totals:         2       0       0       0       0
Total ram usage:        2 bytes
 Hardware stack levels used:    1
 This function calls:
		Nothing
 This function is called by:
		Interrupt level 1
 This function uses a non-reentrant model



MODULE INFORMATION

Module		Function		Class		Link	Load	Size
C:\Program Files (x86)\Microchip\xc8\v2.10\pic\sources\c90\common\lwdiv.c
		___lwdiv       		CODE           	0968	0000	69

C:\Program Files (x86)\Microchip\xc8\v2.10\pic\sources\c90\common\lwdiv.c estimated size: 69

C:\Program Files (x86)\Microchip\xc8\v2.10\pic\sources\c90\common\fltol.c
		___fltol       		CODE           	0764	0000	125

C:\Program Files (x86)\Microchip\xc8\v2.10\pic\sources\c90\common\fltol.c estimated size: 125

C:\Program Files (x86)\Microchip\xc8\v2.10\pic\sources\c90\common\sprcmul.c
		___flmul       		CODE           	0023	0000	866

C:\Program Files (x86)\Microchip\xc8\v2.10\pic\sources\c90\common\sprcmul.c estimated size: 866

C:\Program Files (x86)\Microchip\xc8\v2.10\pic\sources\c90\common\Umul8_16.c
		__Umul8_16     		CODE           	0905	0000	40

C:\Program Files (x86)\Microchip\xc8\v2.10\pic\sources\c90\common\Umul8_16.c estimated size: 40

C:\Program Files (x86)\Microchip\xc8\v2.10\pic\sources\c90\common\sprcdiv.c
		___fldiv       		CODE           	0B9B	0000	478

C:\Program Files (x86)\Microchip\xc8\v2.10\pic\sources\c90\common\sprcdiv.c estimated size: 478

C:\Program Files (x86)\Microchip\xc8\v2.10\pic\sources\c90\common\xxtofl.c
		___xxtofl      		CODE           	0ADF	0000	189

C:\Program Files (x86)\Microchip\xc8\v2.10\pic\sources\c90\common\xxtofl.c estimated size: 189

shared
		__stringtab    		STRING         	0800	0000	17
		_dpowers       		STRING         	0810	0000	11
		__initialization		CODE           	000F	0000	17

shared estimated size: 45

ADC_Init.c
		_initADC       		CODE           	0A41	0000	159

ADC_Init.c estimated size: 159

C:\Program Files (x86)\Microchip\xc8\v2.10\pic\sources\c90\common\lwmod.c
		___lwmod       		CODE           	092C	0000	61

C:\Program Files (x86)\Microchip\xc8\v2.10\pic\sources\c90\common\lwmod.c estimated size: 61

C:\Program Files (x86)\Microchip\xc8\v2.10\pic\sources\c90\common\sprcadd.c
		___flsub       		CODE           	08E1	0000	37
		___fladd       		CODE           	0D78	0000	649

C:\Program Files (x86)\Microchip\xc8\v2.10\pic\sources\c90\common\sprcadd.c estimated size: 686

LCD_Init.c
		_lcd_write_char		CODE           	08B2	0000	21
		_lcd_cmd       		CODE           	089E	0000	21
		_lcd_clr       		CODE           	087B	0000	8
		_lcd_set_cursor		CODE           	08C6	0000	28
		_lcd_write_string		CODE           	09AC	0000	71
		_lcd_write_int 		CODE           	07E0	0000	31
		_initLCD       		CODE           	09F2	0000	80

LCD_Init.c estimated size: 260

C:\Program Files (x86)\Microchip\xc8\v2.10\pic\sources\c90\common\doprnt.c
		_sprintf       		CODE           	067A	0000	235

C:\Program Files (x86)\Microchip\xc8\v2.10\pic\sources\c90\common\doprnt.c estimated size: 235

LCD.c
		_ISR           		CODE           	088A	0000	21
		_main          		CODE           	0384	0000	759

LCD.c estimated size: 780

